Component: ARM Compiler 5.06 update 4 (build 422) Tool: armlink [4d35d2]

==============================================================================

Section Cross References

    startup_stm32f10x_hd.o(RESET) refers to startup_stm32f10x_hd.o(STACK) for __initial_sp
    startup_stm32f10x_hd.o(RESET) refers to startup_stm32f10x_hd.o(.text) for Reset_Handler
    startup_stm32f10x_hd.o(RESET) refers to stm32f10x_it.o(.text) for NMI_Handler
    startup_stm32f10x_hd.o(.text) refers to system_stm32f10x.o(.text) for SystemInit
    startup_stm32f10x_hd.o(.text) refers to entry.o(.ARM.Collect$$$$00000000) for __main
    main.o(.text) refers to testrun.o(.text) for CU_assertImplementation
    main.o(.text) refers to strcmp.o(.text) for strcmp
    main.o(.text) refers to usart1.o(.text) for USART1_Config
    main.o(.text) refers to testdb.o(.text) for CU_initialize_registry
    main.o(.text) refers to printfa.o(i.__0printf) for __2printf
    main.o(.text) refers to basic.o(.text) for CU_basic_set_mode
    main.o(.text) refers to cuerror.o(.text) for CU_set_error_action
    usart1.o(.text) refers to stm32f10x_rcc.o(.text) for RCC_APB2PeriphClockCmd
    usart1.o(.text) refers to stm32f10x_gpio.o(.text) for GPIO_Init
    usart1.o(.text) refers to stm32f10x_usart.o(.text) for USART_Init
    stm32f10x_rcc.o(.text) refers to stm32f10x_rcc.o(.data) for APBAHBPrescTable
    stm32f10x_gpio.o(.text) refers to stm32f10x_rcc.o(.text) for RCC_APB2PeriphResetCmd
    stm32f10x_usart.o(.text) refers to stm32f10x_rcc.o(.text) for RCC_APB2PeriphResetCmd
    stm32f10x_adc.o(.text) refers to stm32f10x_rcc.o(.text) for RCC_APB2PeriphResetCmd
    system_stm32f10x.o(.text) refers to system_stm32f10x.o(.data) for SystemCoreClock
    basic.o(.text) refers to testdb.o(.text) for CU_set_registry
    basic.o(.text) refers to testrun.o(.text) for CU_run_all_tests
    basic.o(.text) refers to printfa.o(i.__0printf) for __2printf
    basic.o(.text) refers to cuerror.o(.text) for CU_set_error
    basic.o(.text) refers to basic.o(.data) for f_pRunningSuite
    basic.o(.text) refers to stdout.o(.data) for __stdout
    basic.o(.text) refers to stderr.o(.data) for __stderr
    cuerror.o(.text) refers to printfa.o(i.__0printf) for __2printf
    cuerror.o(.text) refers to misc.o(.text) for exit
    cuerror.o(.text) refers to cuerror.o(.data) for ErrorDescription
    cuerror.o(.data) refers to cuerror.o(.conststring) for .conststring
    testdb.o(.text) refers to malloc.o(i.malloc) for malloc
    testdb.o(.text) refers to malloc.o(i.free) for free
    testdb.o(.text) refers to cuerror.o(.text) for CU_set_error
    testdb.o(.text) refers to testrun.o(.text) for CU_clear_previous_results
    testdb.o(.text) refers to util.o(.text) for CU_compare_strings
    testdb.o(.text) refers to strlen.o(.text) for strlen
    testdb.o(.text) refers to strcpy.o(.text) for strcpy
    testdb.o(.text) refers to strcmp.o(.text) for strcmp
    testdb.o(.text) refers to testdb.o(.data) for f_pTestRegistry
    testrun.o(.text) refers to malloc.o(i.malloc) for malloc
    testrun.o(.text) refers to strlen.o(.text) for strlen
    testrun.o(.text) refers to malloc.o(i.free) for free
    testrun.o(.text) refers to strcpy.o(.text) for strcpy
    testrun.o(.text) refers to setjmp.o(.text) for longjmp
    testrun.o(.text) refers to dfltui.o(.text) for __aeabi_ui2d
    testrun.o(.text) refers to dadd.o(.text) for __aeabi_dsub
    testrun.o(.text) refers to ddiv.o(.text) for __aeabi_ddiv
    testrun.o(.text) refers to cuerror.o(.text) for CU_get_error_action
    testrun.o(.text) refers to testrun.o(.data) for f_last_failure
    testrun.o(.text) refers to testrun.o(.bss) for f_run_summary
    testrun.o(.text) refers to testdb.o(.text) for CU_get_registry
    testrun.o(.text) refers to util.o(.text) for CU_number_width
    testrun.o(.text) refers to printfa.o(i.__0snprintf) for __2snprintf
    testrun.o(.text) refers to printfa.o(i.__0printf) for __2printf
    testrun.o(.text) refers to testrun.o(.conststring) for .conststring
    util.o(.text) refers to strlen.o(.text) for strlen
    util.o(.text) refers to memcpya.o(.text) for __aeabi_memcpy
    util.o(.text) refers to toupper.o(.text) for toupper
    util.o(.text) refers to ctype_o.o(.text) for __rt_ctype_table
    util.o(.text) refers to printfa.o(i.__0snprintf) for __2snprintf
    util.o(.text) refers to util.o(.constdata) for CU_bindings
    util.o(.constdata) refers to util.o(.conststring) for .conststring
    entry.o(.ARM.Collect$$$$00000000) refers (Special) to entry10a.o(.ARM.Collect$$$$0000000D) for __rt_final_cpp
    entry.o(.ARM.Collect$$$$00000000) refers (Special) to entry11a.o(.ARM.Collect$$$$0000000F) for __rt_final_exit
    entry.o(.ARM.Collect$$$$00000000) refers (Special) to entry7b.o(.ARM.Collect$$$$00000008) for _main_clock
    entry.o(.ARM.Collect$$$$00000000) refers (Special) to entry8b.o(.ARM.Collect$$$$0000000A) for _main_cpp_init
[...]
    printfb.o(i.__0sprintf$bare) refers to printfb.o(i._printf_core) for _printf_core
    printfb.o(i.__0sprintf$bare) refers to printfb.o(i._sputc) for _sputc
    printfb.o(i.__0vfprintf$bare) refers to printfb.o(i._printf_core) for _printf_core
    printfb.o(i.__0vfprintf$bare) refers to usart1.o(.text) for fputc
    printfb.o(i.__0vprintf$bare) refers to printfb.o(i._printf_core) for _printf_core
    printfb.o(i.__0vprintf$bare) refers to usart1.o(.text) for fputc
    printfb.o(i.__0vprintf$bare) refers to stdout.o(.data) for __stdout
    printfb.o(i.__0vsnprintf$bare) refers to printfb.o(i._printf_core) for _printf_core
    printfb.o(i.__0vsnprintf$bare) refers to printfb.o(i._snputc) for _snputc
    printfb.o(i.__0vsprintf$bare) refers to printfb.o(i._printf_core) for _printf_core
    printfb.o(i.__0vsprintf$bare) refers to printfb.o(i._sputc) for _sputc
    printf0.o(i.__0fprintf$0) refers to printf0.o(i._printf_core) for _printf_core
    printf0.o(i.__0fprintf$0) refers to usart1.o(.text) for fputc
    printf0.o(i.__0printf$0) refers to printf0.o(i._printf_core) for _printf_core
    printf0.o(i.__0printf$0) refers to usart1.o(.text) for fputc
    printf0.o(i.__0printf$0) refers to stdout.o(.data) for __stdout
    printf0.o(i.__0snprintf$0) refers to printf0.o(i._printf_core) for _printf_core
    printf0.o(i.__0snprintf$0) refers to printf0.o(i._snputc) for _snputc
    printf0.o(i.__0sprintf$0) refers to printf0.o(i._printf_core) for _printf_core
    printf0.o(i.__0sprintf$0) refers to printf0.o(i._sputc) for _sputc
    printf0.o(i.__0vfprintf$0) refers to printf0.o(i._printf_core) for _printf_core
    printf0.o(i.__0vfprintf$0) refers to usart1.o(.text) for fputc
    printf0.o(i.__0vprintf$0) refers to printf0.o(i._printf_core) for _printf_core
    printf0.o(i.__0vprintf$0) refers to usart1.o(.text) for fputc
    printf0.o(i.__0vprintf$0) refers to stdout.o(.data) for __stdout
    printf0.o(i.__0vsnprintf$0) refers to printf0.o(i._printf_core) for _printf_core
    printf0.o(i.__0vsnprintf$0) refers to printf0.o(i._snputc) for _snputc
    printf0.o(i.__0vsprintf$0) refers to printf0.o(i._printf_core) for _printf_core
    printf0.o(i.__0vsprintf$0) refers to printf0.o(i._sputc) for _sputc
    printf1.o(i.__0fprintf$1) refers to printf1.o(i._printf_core) for _printf_core
    printf1.o(i.__0fprintf$1) refers to usart1.o(.text) for fputc
    printf1.o(i.__0printf$1) refers to printf1.o(i._printf_core) for _printf_core
    printf1.o(i.__0printf$1) refers to usart1.o(.text) for fputc
    printf1.o(i.__0printf$1) refers to stdout.o(.data) for __stdout
    printf1.o(i.__0snprintf$1) refers to printf1.o(i._printf_core) for _printf_core
    printf1.o(i.__0snprintf$1) refers to printf1.o(i._snputc) for _snputc
    printf1.o(i.__0sprintf$1) refers to printf1.o(i._printf_core) for _printf_core
    printf1.o(i.__0sprintf$1) refers to printf1.o(i._sputc) for _sputc
    printf1.o(i.__0vfprintf$1) refers to printf1.o(i._printf_core) for _printf_core
    printf1.o(i.__0vfprintf$1) refers to usart1.o(.text) for fputc
    printf1.o(i.__0vprintf$1) refers to printf1.o(i._printf_core) for _printf_core
    printf1.o(i.__0vprintf$1) refers to usart1.o(.text) for fputc
    printf1.o(i.__0vprintf$1) refers to stdout.o(.data) for __stdout
    printf1.o(i.__0vsnprintf$1) refers to printf1.o(i._printf_core) for _printf_core
    printf1.o(i.__0vsnprintf$1) refers to printf1.o(i._snputc) for _snputc
    printf1.o(i.__0vsprintf$1) refers to printf1.o(i._printf_core) for _printf_core
    printf1.o(i.__0vsprintf$1) refers to printf1.o(i._sputc) for _sputc
    printf1.o(i._printf_core) refers to uidiv.o(.text) for __aeabi_uidivmod
    printf2.o(i.__0fprintf$2) refers to printf2.o(i._printf_core) for _printf_core
    printf2.o(i.__0fprintf$2) refers to usart1.o(.text) for fputc
    printf2.o(i.__0printf$2) refers to printf2.o(i._printf_core) for _printf_core
    printf2.o(i.__0printf$2) refers to usart1.o(.text) for fputc
    printf2.o(i.__0printf$2) refers to stdout.o(.data) for __stdout
    printf2.o(i.__0snprintf$2) refers to printf2.o(i._printf_core) for _printf_core
    printf2.o(i.__0snprintf$2) refers to printf2.o(i._snputc) for _snputc
    printf2.o(i.__0sprintf$2) refers to printf2.o(i._printf_core) for _printf_core
    printf2.o(i.__0sprintf$2) refers to printf2.o(i._sputc) for _sputc
    printf2.o(i.__0vfprintf$2) refers to printf2.o(i._printf_core) for _printf_core
    printf2.o(i.__0vfprintf$2) refers to usart1.o(.text) for fputc
    printf2.o(i.__0vprintf$2) refers to printf2.o(i._printf_core) for _printf_core
    printf2.o(i.__0vprintf$2) refers to usart1.o(.text) for fputc
    printf2.o(i.__0vprintf$2) refers to stdout.o(.data) for __stdout
    printf2.o(i.__0vsnprintf$2) refers to printf2.o(i._printf_core) for _printf_core
    printf2.o(i.__0vsnprintf$2) refers to printf2.o(i._snputc) for _snputc
    printf2.o(i.__0vsprintf$2) refers to printf2.o(i._printf_core) for _printf_core
    printf2.o(i.__0vsprintf$2) refers to printf2.o(i._sputc) for _sputc
    printf3.o(i.__0fprintf$3) refers to printf3.o(i._printf_core) for _printf_core
    printf3.o(i.__0fprintf$3) refers to usart1.o(.text) for fputc
    printf3.o(i.__0printf$3) refers to printf3.o(i._printf_core) for _printf_core
    printf3.o(i.__0printf$3) refers to usart1.o(.text) for fputc
    printf3.o(i.__0printf$3) refers to stdout.o(.data) for __stdout
    printf3.o(i.__0snprintf$3) refers to printf3.o(i._printf_core) for _printf_core
    printf3.o(i.__0snprintf$3) refers to printf3.o(i._snputc) for _snputc
    printf3.o(i.__0sprintf$3) refers to printf3.o(i._printf_core) for _printf_core
    printf3.o(i.__0sprintf$3) refers to printf3.o(i._sputc) for _sputc
    printf3.o(i.__0vfprintf$3) refers to printf3.o(i._printf_core) for _printf_core
    printf3.o(i.__0vfprintf$3) refers to usart1.o(.text) for fputc
    printf3.o(i.__0vprintf$3) refers to printf3.o(i._printf_core) for _printf_core
    printf3.o(i.__0vprintf$3) refers to usart1.o(.text) for fputc
    printf3.o(i.__0vprintf$3) refers to stdout.o(.data) for __stdout
    printf3.o(i.__0vsnprintf$3) refers to printf3.o(i._printf_core) for _printf_core
    printf3.o(i.__0vsnprintf$3) refers to printf3.o(i._snputc) for _snputc
    printf3.o(i.__0vsprintf$3) refers to printf3.o(i._printf_core) for _printf_core
    printf3.o(i.__0vsprintf$3) refers to printf3.o(i._sputc) for _sputc
    printf3.o(i._printf_core) refers to uidiv.o(.text) for __aeabi_uidivmod
    printf4.o(i.__0fprintf$4) refers to printf4.o(i._printf_core) for _printf_core
    printf4.o(i.__0fprintf$4) refers to usart1.o(.text) for fputc
    printf4.o(i.__0printf$4) refers to printf4.o(i._printf_core) for _printf_core
    printf4.o(i.__0printf$4) refers to usart1.o(.text) for fputc
    printf4.o(i.__0printf$4) refers to stdout.o(.data) for __stdout
    printf4.o(i.__0snprintf$4) refers to printf4.o(i._printf_core) for _printf_core
    printf4.o(i.__0snprintf$4) refers to printf4.o(i._snputc) for _snputc
    printf4.o(i.__0sprintf$4) refers to printf4.o(i._printf_core) for _printf_core
    printf4.o(i.__0sprintf$4) refers to printf4.o(i._sputc) for _sputc
    printf4.o(i.__0vfprintf$4) refers to printf4.o(i._printf_core) for _printf_core
    printf4.o(i.__0vfprintf$4) refers to usart1.o(.text) for fputc
    printf4.o(i.__0vprintf$4) refers to printf4.o(i._printf_core) for _printf_core
    printf4.o(i.__0vprintf$4) refers to usart1.o(.text) for fputc
    printf4.o(i.__0vprintf$4) refers to stdout.o(.data) for __stdout
    printf4.o(i.__0vsnprintf$4) refers to printf4.o(i._printf_core) for _printf_core
    printf4.o(i.__0vsnprintf$4) refers to printf4.o(i._snputc) for _snputc
    printf4.o(i.__0vsprintf$4) refers to printf4.o(i._printf_core) for _printf_core
    printf4.o(i.__0vsprintf$4) refers to printf4.o(i._sputc) for _sputc
    printf4.o(i._printf_core) refers to uldiv.o(.text) for __aeabi_uldivmod
    printf5.o(i.__0fprintf$5) refers to printf5.o(i._printf_core) for _printf_core
    printf5.o(i.__0fprintf$5) refers to usart1.o(.text) for fputc
    printf5.o(i.__0printf$5) refers to printf5.o(i._printf_core) for _printf_core
    printf5.o(i.__0printf$5) refers to usart1.o(.text) for fputc
    printf5.o(i.__0printf$5) refers to stdout.o(.data) for __stdout
    printf5.o(i.__0snprintf$5) refers to printf5.o(i._printf_core) for _printf_core
    printf5.o(i.__0snprintf$5) refers to printf5.o(i._snputc) for _snputc
    printf5.o(i.__0sprintf$5) refers to printf5.o(i._printf_core) for _printf_core
    printf5.o(i.__0sprintf$5) refers to printf5.o(i._sputc) for _sputc
    printf5.o(i.__0vfprintf$5) refers to printf5.o(i._printf_core) for _printf_core
    printf5.o(i.__0vfprintf$5) refers to usart1.o(.text) for fputc
    printf5.o(i.__0vprintf$5) refers to printf5.o(i._printf_core) for _printf_core
    printf5.o(i.__0vprintf$5) refers to usart1.o(.text) for fputc
    printf5.o(i.__0vprintf$5) refers to stdout.o(.data) for __stdout
    printf5.o(i.__0vsnprintf$5) refers to printf5.o(i._printf_core) for _printf_core
    printf5.o(i.__0vsnprintf$5) refers to printf5.o(i._snputc) for _snputc
    printf5.o(i.__0vsprintf$5) refers to printf5.o(i._printf_core) for _printf_core
    printf5.o(i.__0vsprintf$5) refers to printf5.o(i._sputc) for _sputc
    printf5.o(i._printf_core) refers to uldiv.o(.text) for __aeabi_uldivmod
    printf6.o(i.__0fprintf$6) refers to printf6.o(i._printf_core) for _printf_core
    printf6.o(i.__0fprintf$6) refers to usart1.o(.text) for fputc
    printf6.o(i.__0printf$6) refers to printf6.o(i._printf_core) for _printf_core
    printf6.o(i.__0printf$6) refers to usart1.o(.text) for fputc
    printf6.o(i.__0printf$6) refers to stdout.o(.data) for __stdout
    printf6.o(i.__0snprintf$6) refers to printf6.o(i._printf_core) for _printf_core
    printf6.o(i.__0snprintf$6) refers to printf6.o(i._snputc) for _snputc
    printf6.o(i.__0sprintf$6) refers to printf6.o(i._printf_core) for _printf_core
    printf6.o(i.__0sprintf$6) refers to printf6.o(i._sputc) for _sputc
    printf6.o(i.__0vfprintf$6) refers to printf6.o(i._printf_core) for _printf_core
    printf6.o(i.__0vfprintf$6) refers to usart1.o(.text) for fputc
    printf6.o(i.__0vprintf$6) refers to printf6.o(i._printf_core) for _printf_core
    printf6.o(i.__0vprintf$6) refers to usart1.o(.text) for fputc
    printf6.o(i.__0vprintf$6) refers to stdout.o(.data) for __stdout
    printf6.o(i.__0vsnprintf$6) refers to printf6.o(i._printf_core) for _printf_core
    printf6.o(i.__0vsnprintf$6) refers to printf6.o(i._snputc) for _snputc
    printf6.o(i.__0vsprintf$6) refers to printf6.o(i._printf_core) for _printf_core
    printf6.o(i.__0vsprintf$6) refers to printf6.o(i._sputc) for _sputc
    printf6.o(i._printf_core) refers to printf6.o(i._printf_pre_padding) for _printf_pre_padding
    printf6.o(i._printf_core) refers to uidiv.o(.text) for __aeabi_uidivmod
    printf6.o(i._printf_core) refers to printf6.o(i._printf_post_padding) for _printf_post_padding
    printf7.o(i.__0fprintf$7) refers to printf7.o(i._printf_core) for _printf_core
    printf7.o(i.__0fprintf$7) refers to usart1.o(.text) for fputc
    printf7.o(i.__0printf$7) refers to printf7.o(i._printf_core) for _printf_core
    printf7.o(i.__0printf$7) refers to usart1.o(.text) for fputc
    printf7.o(i.__0printf$7) refers to stdout.o(.data) for __stdout
    printf7.o(i.__0snprintf$7) refers to printf7.o(i._printf_core) for _printf_core
    printf7.o(i.__0snprintf$7) refers to printf7.o(i._snputc) for _snputc
    printf7.o(i.__0sprintf$7) refers to printf7.o(i._printf_core) for _printf_core
    printf7.o(i.__0sprintf$7) refers to printf7.o(i._sputc) for _sputc
    printf7.o(i.__0vfprintf$7) refers to printf7.o(i._printf_core) for _printf_core
    printf7.o(i.__0vfprintf$7) refers to usart1.o(.text) for fputc
    printf7.o(i.__0vprintf$7) refers to printf7.o(i._printf_core) for _printf_core
    printf7.o(i.__0vprintf$7) refers to usart1.o(.text) for fputc
    printf7.o(i.__0vprintf$7) refers to stdout.o(.data) for __stdout
    printf7.o(i.__0vsnprintf$7) refers to printf7.o(i._printf_core) for _printf_core
    printf7.o(i.__0vsnprintf$7) refers to printf7.o(i._snputc) for _snputc
    printf7.o(i.__0vsprintf$7) refers to printf7.o(i._printf_core) for _printf_core
    printf7.o(i.__0vsprintf$7) refers to printf7.o(i._sputc) for _sputc
    printf7.o(i._printf_core) refers to printf7.o(i._printf_pre_padding) for _printf_pre_padding
    printf7.o(i._printf_core) refers to uldiv.o(.text) for __aeabi_uldivmod
    printf7.o(i._printf_core) refers to printf7.o(i._printf_post_padding) for _printf_post_padding
    printf8.o(i.__0fprintf$8) refers to printf8.o(i._printf_core) for _printf_core
    printf8.o(i.__0fprintf$8) refers to usart1.o(.text) for fputc
    printf8.o(i.__0printf$8) refers to printf8.o(i._printf_core) for _printf_core
    printf8.o(i.__0printf$8) refers to usart1.o(.text) for fputc
    printf8.o(i.__0printf$8) refers to stdout.o(.data) for __stdout
    printf8.o(i.__0snprintf$8) refers to printf8.o(i._printf_core) for _printf_core
    printf8.o(i.__0snprintf$8) refers to printf8.o(i._snputc) for _snputc
    printf8.o(i.__0sprintf$8) refers to printf8.o(i._printf_core) for _printf_core
    printf8.o(i.__0sprintf$8) refers to printf8.o(i._sputc) for _sputc
    printf8.o(i.__0vfprintf$8) refers to printf8.o(i._printf_core) for _printf_core
    printf8.o(i.__0vfprintf$8) refers to usart1.o(.text) for fputc
    printf8.o(i.__0vprintf$8) refers to printf8.o(i._printf_core) for _printf_core
    printf8.o(i.__0vprintf$8) refers to usart1.o(.text) for fputc
    printf8.o(i.__0vprintf$8) refers to stdout.o(.data) for __stdout
    printf8.o(i.__0vsnprintf$8) refers to printf8.o(i._printf_core) for _printf_core
    printf8.o(i.__0vsnprintf$8) refers to printf8.o(i._snputc) for _snputc
    printf8.o(i.__0vsprintf$8) refers to printf8.o(i._printf_core) for _printf_core
    printf8.o(i.__0vsprintf$8) refers to printf8.o(i._sputc) for _sputc
    printf8.o(i._printf_core) refers to printf8.o(i._printf_pre_padding) for _printf_pre_padding
    printf8.o(i._printf_core) refers to uldiv.o(.text) for __aeabi_uldivmod
    printf8.o(i._printf_core) refers to printf8.o(i._printf_post_padding) for _printf_post_padding
    printfa.o(i.__0fprintf) refers (Special) to iusefp.o(.text) for __I$use$fp
    printfa.o(i.__0fprintf) refers to printfa.o(i._printf_core) for _printf_core
    printfa.o(i.__0fprintf) refers to usart1.o(.text) for fputc
    printfa.o(i.__0printf) refers (Special) to iusefp.o(.text) for __I$use$fp
    printfa.o(i.__0printf) refers to printfa.o(i._printf_core) for _printf_core
    printfa.o(i.__0printf) refers to usart1.o(.text) for fputc
    printfa.o(i.__0printf) refers to stdout.o(.data) for __stdout
    printfa.o(i.__0snprintf) refers (Special) to iusefp.o(.text) for __I$use$fp
    printfa.o(i.__0snprintf) refers to printfa.o(i._printf_core) for _printf_core
    printfa.o(i.__0snprintf) refers to printfa.o(i._snputc) for _snputc
    printfa.o(i.__0sprintf) refers (Special) to iusefp.o(.text) for __I$use$fp
    printfa.o(i.__0sprintf) refers to printfa.o(i._printf_core) for _printf_core
    printfa.o(i.__0sprintf) refers to printfa.o(i._sputc) for _sputc
    printfa.o(i.__0vfprintf) refers (Special) to iusefp.o(.text) for __I$use$fp
    printfa.o(i.__0vfprintf) refers to printfa.o(i._printf_core) for _printf_core
    printfa.o(i.__0vfprintf) refers to usart1.o(.text) for fputc
    printfa.o(i.__0vprintf) refers (Special) to iusefp.o(.text) for __I$use$fp
    printfa.o(i.__0vprintf) refers to printfa.o(i._printf_core) for _printf_core
    printfa.o(i.__0vprintf) refers to usart1.o(.text) for fputc
    printfa.o(i.__0vprintf) refers to stdout.o(.data) for __stdout
    printfa.o(i.__0vsnprintf) refers (Special) to iusefp.o(.text) for __I$use$fp
    printfa.o(i.__0vsnprintf) refers to printfa.o(i._printf_core) for _printf_core
    printfa.o(i.__0vsnprintf) refers to printfa.o(i._snputc) for _snputc
    printfa.o(i.__0vsprintf) refers (Special) to iusefp.o(.text) for __I$use$fp
    printfa.o(i.__0vsprintf) refers to printfa.o(i._printf_core) for _printf_core
    printfa.o(i.__0vsprintf) refers to printfa.o(i._sputc) for _sputc
    printfa.o(i._fp_digits) refers (Special) to iusefp.o(.text) for __I$use$fp
    printfa.o(i._fp_digits) refers to dmul.o(.text) for __aeabi_dmul
    printfa.o(i._fp_digits) refers to ddiv.o(.text) for __aeabi_ddiv
    printfa.o(i._fp_digits) refers to cdrcmple.o(.text) for __aeabi_cdrcmple
    printfa.o(i._fp_digits) refers to dadd.o(.text) for __aeabi_dadd
    printfa.o(i._fp_digits) refers to dfixul.o(.text) for __aeabi_d2ulz
    printfa.o(i._fp_digits) refers to uldiv.o(.text) for __aeabi_uldivmod
    printfa.o(i._printf_core) refers (Special) to iusefp.o(.text) for __I$use$fp
    printfa.o(i._printf_core) refers to printfa.o(i._printf_pre_padding) for _printf_pre_padding
    printfa.o(i._printf_core) refers to uldiv.o(.text) for __aeabi_uldivmod
    printfa.o(i._printf_core) refers to printfa.o(i._printf_post_padding) for _printf_post_padding
    printfa.o(i._printf_core) refers to printfa.o(i._fp_digits) for _fp_digits
    printfa.o(i._printf_core) refers to uidiv.o(.text) for __aeabi_uidivmod
    printfa.o(i._printf_post_padding) refers (Special) to iusefp.o(.text) for __I$use$fp
    printfa.o(i._printf_pre_padding) refers (Special) to iusefp.o(.text) for __I$use$fp
    printfa.o(i._snputc) refers (Special) to iusefp.o(.text) for __I$use$fp
    printfa.o(i._sputc) refers (Special) to iusefp.o(.text) for __I$use$fp
    malloc.o(i.free) refers to mvars.o(.data) for __microlib_freelist
    malloc.o(i.malloc) refers to mvars.o(.data) for __microlib_freelist_initialised
    malloc.o(i.malloc) refers to mvars.o(.data) for __microlib_freelist
    malloc.o(i.malloc) refers to startup_stm32f10x_hd.o(HEAP) for __heap_base
    mallocr.o(i.__free$realloc) refers to mvars.o(.data) for __microlib_freelist
    mallocr.o(i.__malloc$realloc) refers to mallocr.o(i.internal_alloc) for internal_alloc
    mallocr.o(i.__malloc$realloc) refers to mvars.o(.data) for __microlib_freelist_initialised
    mallocr.o(i.__malloc$realloc) refers to startup_stm32f10x_hd.o(HEAP) for __heap_base
    mallocr.o(i.__malloc$realloc) refers to mvars.o(.data) for __microlib_freelist
    mallocr.o(i.internal_alloc) refers to memcpya.o(.text) for __aeabi_memcpy
    mallocr.o(i.internal_alloc) refers to mvars.o(.data) for __microlib_freelist
    mallocr.o(i.realloc) refers to mallocr.o(i.__free$realloc) for __free$realloc
    mallocr.o(i.realloc) refers to mallocr.o(i.internal_alloc) for internal_alloc
    mallocr.o(i.realloc) refers to mallocr.o(i.__malloc$realloc) for __malloc$realloc
    mallocr.o(i.realloc) refers to mvars.o(.data) for __microlib_freelist
    malloca.o(i.__aligned_malloc) refers to mvars.o(.data) for __microlib_freelist_initialised
    malloca.o(i.__aligned_malloc) refers to mvars.o(.data) for __microlib_freelist
    malloca.o(i.__aligned_malloc) refers to startup_stm32f10x_hd.o(HEAP) for __heap_base
    malloca.o(i.__free$memalign) refers to mvars.o(.data) for __microlib_freelist
    malloca.o(i.__malloc$memalign) refers to malloca.o(i.__aligned_malloc) for __aligned_malloc
    mallocra.o(i.__aligned_malloc$realloc) refers to mallocra.o(i.internal_alloc) for internal_alloc
    mallocra.o(i.__aligned_malloc$realloc) refers to mvars.o(.data) for __microlib_freelist_initialised
    mallocra.o(i.__aligned_malloc$realloc) refers to startup_stm32f10x_hd.o(HEAP) for __heap_base
    mallocra.o(i.__aligned_malloc$realloc) refers to mvars.o(.data) for __microlib_freelist
    mallocra.o(i.__free$realloc$memalign) refers to mvars.o(.data) for __microlib_freelist
    mallocra.o(i.__malloc$realloc$memalign) refers to mallocra.o(i.__aligned_malloc$realloc) for __aligned_malloc$realloc
    mallocra.o(i.__realloc$memalign) refers to mallocra.o(i.__free$realloc$memalign) for __free$realloc$memalign
    mallocra.o(i.__realloc$memalign) refers to mallocra.o(i.internal_alloc) for internal_alloc
    mallocra.o(i.__realloc$memalign) refers to mallocra.o(i.__malloc$realloc$memalign) for __malloc$realloc$memalign
    mallocra.o(i.__realloc$memalign) refers to mvars.o(.data) for __microlib_freelist
    mallocra.o(i.internal_alloc) refers to memcpya.o(.text) for __aeabi_memcpy
    mallocra.o(i.internal_alloc) refers to mvars.o(.data) for __microlib_freelist
    dadd.o(.text) refers (Special) to iusefp.o(.text) for __I$use$fp
    dadd.o(.text) refers to llshl.o(.text) for __aeabi_llsl
    dadd.o(.text) refers to llsshr.o(.text) for __aeabi_lasr
    dadd.o(.text) refers to depilogue.o(.text) for _double_epilogue
    ddiv.o(.text) refers (Special) to iusefp.o(.text) for __I$use$fp
    ddiv.o(.text) refers to depilogue.o(.text) for _double_round
    dfltui.o(.text) refers (Special) to iusefp.o(.text) for __I$use$fp
    dfltui.o(.text) refers to depilogue.o(.text) for _double_epilogue
    entry2.o(.ARM.Collect$$$$00000001) refers to entry2.o(.ARM.Collect$$$$00002712) for __lit__00000000
    entry2.o(.ARM.Collect$$$$00002712) refers to startup_stm32f10x_hd.o(STACK) for __initial_sp
    entry2.o(__vectab_stack_and_reset_area) refers to startup_stm32f10x_hd.o(STACK) for __initial_sp
    entry2.o(__vectab_stack_and_reset_area) refers to entry.o(.ARM.Collect$$$$00000000) for __main
    entry5.o(.ARM.Collect$$$$00000004) refers to init.o(.text) for __scatterload
    entry9a.o(.ARM.Collect$$$$0000000B) refers to main.o(.text) for main
    entry9b.o(.ARM.Collect$$$$0000000C) refers to main.o(.text) for main
    uldiv.o(.text) refers to llushr.o(.text) for __aeabi_llsr
    uldiv.o(.text) refers to llshl.o(.text) for __aeabi_llsl
    depilogue.o(.text) refers to llshl.o(.text) for __aeabi_llsl
    depilogue.o(.text) refers to llushr.o(.text) for __aeabi_llsr
    dmul.o(.text) refers to depilogue.o(.text) for _double_epilogue
    dfixul.o(.text) refers to llushr.o(.text) for __aeabi_llsr
    dfixul.o(.text) refers to llshl.o(.text) for __aeabi_llsl
    init.o(.text) refers to entry5.o(.ARM.Collect$$$$00000004) for __main_after_scatterload


==============================================================================

Removing Unused input sections from the image.

    Removing stm32f10x_adc.o(.text), (1102 bytes).
    Removing stm32f10x_dma.o(.text), (596 bytes).
    Removing core_cm3.o(.emb_text), (32 bytes).

3 unused section(s) (total 1730 bytes) removed from the image.

==============================================================================

Image Symbol Table

    Local Symbols

    Symbol Name                              Value     Ov Type        Size  Object(Section)

    ../clib/../cmprslib/zerorunl2.c          0x00000000   Number         0  __dczerorl2.o ABSOLUTE
    ../clib/microlib/ctype/ctype.c           0x00000000   Number         0  isxdigit_o.o ABSOLUTE
    ../clib/microlib/ctype/ctype.c           0x00000000   Number         0  ispunct_o.o ABSOLUTE
    ../clib/microlib/ctype/ctype.c           0x00000000   Number         0  isprint_o.o ABSOLUTE
    ../clib/microlib/ctype/ctype.c           0x00000000   Number         0  isspace_o.o ABSOLUTE
    ../clib/microlib/ctype/ctype.c           0x00000000   Number         0  islower_o.o ABSOLUTE
    ../clib/microlib/ctype/ctype.c           0x00000000   Number         0  isgraph_o.o ABSOLUTE
    ../clib/microlib/ctype/ctype.c           0x00000000   Number         0  isalnum_o.o ABSOLUTE
    ../clib/microlib/ctype/ctype.c           0x00000000   Number         0  isupper_o.o ABSOLUTE
    ../clib/microlib/ctype/ctype.c           0x00000000   Number         0  isdigit_o.o ABSOLUTE
    ../clib/microlib/ctype/ctype.c           0x00000000   Number         0  iscntrl_o.o ABSOLUTE
    ../clib/microlib/ctype/ctype.c           0x00000000   Number         0  isalpha_o.o ABSOLUTE
    ../clib/microlib/ctype/ctype.c           0x00000000   Number         0  isblank_o.o ABSOLUTE
    ../clib/microlib/ctype/ctype.c           0x00000000   Number         0  ctype_o.o ABSOLUTE
    ../clib/microlib/ctype/toupper.c         0x00000000   Number         0  toupper.o ABSOLUTE
    ../clib/microlib/division.c              0x00000000   Number         0  uidiv.o ABSOLUTE
    ../clib/microlib/division.c              0x00000000   Number         0  uldiv.o ABSOLUTE
    ../clib/microlib/init/entry.s            0x00000000   Number         0  entry.o ABSOLUTE
    ../clib/microlib/init/entry.s            0x00000000   Number         0  entry10a.o ABSOLUTE
    ../clib/microlib/init/entry.s            0x00000000   Number         0  entry5.o ABSOLUTE
    ../clib/microlib/init/entry.s            0x00000000   Number         0  entry11b.o ABSOLUTE
    ../clib/microlib/init/entry.s            0x00000000   Number         0  entry11a.o ABSOLUTE
    ../clib/microlib/init/entry.s            0x00000000   Number         0  entry10b.o ABSOLUTE
    ../clib/microlib/init/entry.s            0x00000000   Number         0  entry9a.o ABSOLUTE
    ../clib/microlib/init/entry.s            0x00000000   Number         0  entry8b.o ABSOLUTE
    ../clib/microlib/init/entry.s            0x00000000   Number         0  entry8a.o ABSOLUTE
    ../clib/microlib/init/entry.s            0x00000000   Number         0  entry7b.o ABSOLUTE
    ../clib/microlib/init/entry.s            0x00000000   Number         0  entry2.o ABSOLUTE
    ../clib/microlib/init/entry.s            0x00000000   Number         0  entry7a.o ABSOLUTE
    ../clib/microlib/init/entry.s            0x00000000   Number         0  entry9b.o ABSOLUTE
    ../clib/microlib/longlong.c              0x00000000   Number         0  llushr.o ABSOLUTE
    ../clib/microlib/longlong.c              0x00000000   Number         0  llsshr.o ABSOLUTE
    ../clib/microlib/longlong.c              0x00000000   Number         0  llshl.o ABSOLUTE
    ../clib/microlib/malloc/malloc.c         0x00000000   Number         0  malloc.o ABSOLUTE
    ../clib/microlib/malloc/malloc.c         0x00000000   Number         0  mallocra.o ABSOLUTE
    ../clib/microlib/malloc/malloc.c         0x00000000   Number         0  malloca.o ABSOLUTE
    ../clib/microlib/malloc/malloc.c         0x00000000   Number         0  mallocr.o ABSOLUTE
    ../clib/microlib/malloc/mvars.c          0x00000000   Number         0  mvars.o ABSOLUTE
    ../clib/microlib/printf/printf.c         0x00000000   Number         0  printfa.o ABSOLUTE
    ../clib/microlib/printf/printf.c         0x00000000   Number         0  printf8.o ABSOLUTE
    ../clib/microlib/printf/printf.c         0x00000000   Number         0  printf7.o ABSOLUTE
    ../clib/microlib/printf/printf.c         0x00000000   Number         0  printf6.o ABSOLUTE
    ../clib/microlib/printf/printf.c         0x00000000   Number         0  printf4.o ABSOLUTE
    ../clib/microlib/printf/printf.c         0x00000000   Number         0  printf3.o ABSOLUTE
    ../clib/microlib/printf/printf.c         0x00000000   Number         0  printf1.o ABSOLUTE
    ../clib/microlib/printf/printf.c         0x00000000   Number         0  printf5.o ABSOLUTE
    ../clib/microlib/printf/printf.c         0x00000000   Number         0  printf2.o ABSOLUTE
    ../clib/microlib/printf/printf.c         0x00000000   Number         0  printfb.o ABSOLUTE
    ../clib/microlib/printf/printf.c         0x00000000   Number         0  printf0.o ABSOLUTE
    ../clib/microlib/printf/stubs.s          0x00000000   Number         0  stubs.o ABSOLUTE
    ../clib/microlib/stdio/setvbuf.c         0x00000000   Number         0  setvbuf.o ABSOLUTE
    ../clib/microlib/stdio/streams.c         0x00000000   Number         0  stderr.o ABSOLUTE
    ../clib/microlib/stdio/streams.c         0x00000000   Number         0  stdout.o ABSOLUTE
    ../clib/microlib/string/memcpy.c         0x00000000   Number         0  memcpyb.o ABSOLUTE
    ../clib/microlib/string/memcpy.c         0x00000000   Number         0  memcpya.o ABSOLUTE
    ../clib/microlib/string/strcmp.c         0x00000000   Number         0  strcmp.o ABSOLUTE
    ../clib/microlib/string/strcpy.c         0x00000000   Number         0  strcpy.o ABSOLUTE
    ../clib/microlib/string/strlen.c         0x00000000   Number         0  strlen.o ABSOLUTE
    ../clib/microlib/stubs.s                 0x00000000   Number         0  iusefp.o ABSOLUTE
    ../clib/microlib/time/clock.c            0x00000000   Number         0  clock.o ABSOLUTE
    ../fplib/microlib/fpadd.c                0x00000000   Number         0  dadd.o ABSOLUTE
    ../fplib/microlib/fpdiv.c                0x00000000   Number         0  ddiv.o ABSOLUTE
    ../fplib/microlib/fpepilogue.c           0x00000000   Number         0  depilogue.o ABSOLUTE
    ../fplib/microlib/fpfix.c                0x00000000   Number         0  dfixul.o ABSOLUTE
    ../fplib/microlib/fpflt.c                0x00000000   Number         0  dfltui.o ABSOLUTE
    ../fplib/microlib/fpmul.c                0x00000000   Number         0  dmul.o ABSOLUTE
    ../fplib/setjmp.s                        0x00000000   Number         0  setjmp.o ABSOLUTE
    ..\CMSIS\core_cm3.c                      0x00000000   Number         0  core_cm3.o ABSOLUTE
    ..\CMSIS\startup\startup_stm32f10x_hd.s  0x00000000   Number         0  startup_stm32f10x_hd.o ABSOLUTE
    ..\CMSIS\system_stm32f10x.c              0x00000000   Number         0  system_stm32f10x.o ABSOLUTE
    ..\Cunit\Sources\Basic\Basic.c           0x00000000   Number         0  basic.o ABSOLUTE
    ..\Cunit\Sources\Framework\CUError.c     0x00000000   Number         0  cuerror.o ABSOLUTE
    ..\Cunit\Sources\Framework\MyMem.c       0x00000000   Number         0  mymem.o ABSOLUTE
    ..\Cunit\Sources\Framework\TestDB.c      0x00000000   Number         0  testdb.o ABSOLUTE
    ..\Cunit\Sources\Framework\TestRun.c     0x00000000   Number         0  testrun.o ABSOLUTE
    ..\Cunit\Sources\Framework\Util.c        0x00000000   Number         0  util.o ABSOLUTE
    ..\Cunit\Sources\Misc.c                  0x00000000   Number         0  misc.o ABSOLUTE
    ..\FWlib\src\stm32f10x_adc.c             0x00000000   Number         0  stm32f10x_adc.o ABSOLUTE
    ..\FWlib\src\stm32f10x_dma.c             0x00000000   Number         0  stm32f10x_dma.o ABSOLUTE
    ..\FWlib\src\stm32f10x_gpio.c            0x00000000   Number         0  stm32f10x_gpio.o ABSOLUTE
    ..\FWlib\src\stm32f10x_rcc.c             0x00000000   Number         0  stm32f10x_rcc.o ABSOLUTE
    ..\FWlib\src\stm32f10x_usart.c           0x00000000   Number         0  stm32f10x_usart.o ABSOLUTE
    ..\\CMSIS\\core_cm3.c                    0x00000000   Number         0  core_cm3.o ABSOLUTE
    cdrcmple.s                               0x00000000   Number         0  cdrcmple.o ABSOLUTE
    dc.s                                     0x00000000   Number         0  dc.o ABSOLUTE
    handlers.s                               0x00000000   Number         0  handlers.o ABSOLUTE
    init.s                                   0x00000000   Number         0  init.o ABSOLUTE
    main.c                                   0x00000000   Number         0  main.o ABSOLUTE
    stm32f10x_it.c                           0x00000000   Number         0  stm32f10x_it.o ABSOLUTE
    usart1.c                                 0x00000000   Number         0  usart1.o ABSOLUTE
    RESET                                    0x08000000   Section      304  startup_stm32f10x_hd.o(RESET)
    .ARM.Collect$$$$00000000                 0x08000130   Section        0  entry.o(.ARM.Collect$$$$00000000)
    .ARM.Collect$$$$00000001                 0x08000130   Section        4  entry2.o(.ARM.Collect$$$$00000001)
    .ARM.Collect$$$$00000004                 0x08000134   Section        4  entry5.o(.ARM.Collect$$$$00000004)
    .ARM.Collect$$$$00000008                 0x08000138   Section        0  entry7b.o(.ARM.Collect$$$$00000008)
    .ARM.Collect$$$$0000000A                 0x08000138   Section        0  entry8b.o(.ARM.Collect$$$$0000000A)
    .ARM.Collect$$$$0000000B                 0x08000138   Section        8  entry9a.o(.ARM.Collect$$$$0000000B)
    .ARM.Collect$$$$0000000D                 0x08000140   Section        0  entry10a.o(.ARM.Collect$$$$0000000D)
    .ARM.Collect$$$$0000000F                 0x08000140   Section        0  entry11a.o(.ARM.Collect$$$$0000000F)
    .ARM.Collect$$$$00002712                 0x08000140   Section        4  entry2.o(.ARM.Collect$$$$00002712)
    __lit__00000000                          0x08000140   Data           4  entry2.o(.ARM.Collect$$$$00002712)
    .text                                    0x08000144   Section       36  startup_stm32f10x_hd.o(.text)
    .text                                    0x08000168   Section        0  main.o(.text)
    test_case1                               0x0800017b   Thumb Code    24  main.o(.text)
    test_case2                               0x08000193   Thumb Code    22  main.o(.text)
    test_case3                               0x080001a9   Thumb Code    42  main.o(.text)
    .text                                    0x08000328   Section        0  stm32f10x_it.o(.text)
    .text                                    0x08000348   Section        0  usart1.o(.text)
    itoa                                     0x080003db   Thumb Code    98  usart1.o(.text)
    .text                                    0x0800054c   Section        0  stm32f10x_rcc.o(.text)
    .text                                    0x080008f0   Section        0  stm32f10x_gpio.o(.text)
    .text                                    0x08000c4c   Section        0  stm32f10x_usart.o(.text)
    .text                                    0x08001054   Section        0  system_stm32f10x.o(.text)
    SetSysClockTo72                          0x08001055   Thumb Code   214  system_stm32f10x.o(.text)
    SetSysClock                              0x0800112b   Thumb Code     8  system_stm32f10x.o(.text)
    .text                                    0x08001234   Section        0  basic.o(.text)
    basic_run_all_tests                      0x08001235   Thumb Code    40  basic.o(.text)
    basic_suite_cleanup_failure_message_handler 0x0800125d   Thumb Code    22  basic.o(.text)
    basic_suite_init_failure_message_handler 0x08001273   Thumb Code    22  basic.o(.text)
    basic_all_tests_complete_message_handler 0x08001289   Thumb Code    24  basic.o(.text)
    basic_test_complete_message_handler      0x080012a1   Thumb Code   124  basic.o(.text)
    basic_test_start_message_handler         0x0800131d   Thumb Code    66  basic.o(.text)
    basic_initialize                         0x0800135f   Thumb Code    90  basic.o(.text)
    basic_run_suite                          0x080013e7   Thumb Code    18  basic.o(.text)
    basic_run_single_test                    0x08001417   Thumb Code    22  basic.o(.text)
    .text                                    0x0800165c   Section        0  cuerror.o(.text)
    get_error_desc                           0x0800165d   Thumb Code    34  cuerror.o(.text)
    .text                                    0x080016f4   Section        0  testdb.o(.text)
    cleanup_test                             0x0800170d   Thumb Code    20  testdb.o(.text)
    cleanup_suite                            0x08001721   Thumb Code    52  testdb.o(.text)
    cleanup_test_registry                    0x08001755   Thumb Code    42  testdb.o(.text)
    insert_suite                             0x08001809   Thumb Code    42  testdb.o(.text)
    suite_exists                             0x08001833   Thumb Code    40  testdb.o(.text)
    create_suite                             0x0800185b   Thumb Code    98  testdb.o(.text)
    insert_test                              0x08001b05   Thumb Code    38  testdb.o(.text)
    test_exists                              0x08001b2b   Thumb Code    40  testdb.o(.text)
    create_test                              0x08001b53   Thumb Code    80  testdb.o(.text)
    .text                                    0x08001e64   Section        0  testrun.o(.text)
    add_failure                              0x08001e65   Thumb Code   194  testrun.o(.text)
    run_single_test                          0x0800206b   Thumb Code   230  testrun.o(.text)
    run_single_suite                         0x08002151   Thumb Code   402  testrun.o(.text)
    cleanup_failure_list                     0x080022e3   Thumb Code   234  testrun.o(.text)
    clear_previous_results                   0x080023cd   Thumb Code    50  testrun.o(.text)
    .text                                    0x08003418   Section        0  util.o(.text)
    get_index                                0x08003419   Thumb Code    38  util.o(.text)
    .text                                    0x080035cc   Section        0  misc.o(.text)
    .text                                    0x080035d4   Section        0  ctype_o.o(.text)
    .text                                    0x080035dc   Section        0  toupper.o(.text)
    .text                                    0x080035e8   Section        0  memcpya.o(.text)
    .text                                    0x0800360c   Section        0  strlen.o(.text)
    .text                                    0x0800361a   Section        0  strcmp.o(.text)
    .text                                    0x08003636   Section        0  strcpy.o(.text)
    .text                                    0x08003648   Section        0  dadd.o(.text)
    .text                                    0x08003796   Section        0  ddiv.o(.text)
    .text                                    0x08003874   Section        0  dfltui.o(.text)
    .text                                    0x0800388e   Section       62  setjmp.o(.text)
    .text                                    0x080038cc   Section        0  uidiv.o(.text)
    .text                                    0x080038f8   Section        0  uldiv.o(.text)
    .text                                    0x0800395a   Section        0  llshl.o(.text)
    .text                                    0x08003978   Section        0  llsshr.o(.text)
    .text                                    0x0800399c   Section        0  iusefp.o(.text)
    .text                                    0x0800399c   Section        0  depilogue.o(.text)
    .text                                    0x08003a56   Section        0  dmul.o(.text)
    .text                                    0x08003b3a   Section        0  dfixul.o(.text)
    .text                                    0x08003b6c   Section       48  cdrcmple.o(.text)
    .text                                    0x08003b9c   Section       36  init.o(.text)
    .text                                    0x08003bc0   Section        0  llushr.o(.text)
    .text                                    0x08003be0   Section        0  __dczerorl2.o(.text)
    i.__0printf                              0x08003c38   Section        0  printfa.o(i.__0printf)
    i.__0snprintf                            0x08003c58   Section        0  printfa.o(i.__0snprintf)
    i.__scatterload_copy                     0x08003c88   Section       14  handlers.o(i.__scatterload_copy)
    i.__scatterload_null                     0x08003c96   Section        2  handlers.o(i.__scatterload_null)
    i.__scatterload_zeroinit                 0x08003c98   Section       14  handlers.o(i.__scatterload_zeroinit)
    i._fp_digits                             0x08003ca8   Section        0  printfa.o(i._fp_digits)
    _fp_digits                               0x08003ca9   Thumb Code   366  printfa.o(i._fp_digits)
    i._printf_core                           0x08003e2c   Section        0  printfa.o(i._printf_core)
    _printf_core                             0x08003e2d   Thumb Code  1744  printfa.o(i._printf_core)
    i._printf_post_padding                   0x08004508   Section        0  printfa.o(i._printf_post_padding)
    _printf_post_padding                     0x08004509   Thumb Code    36  printfa.o(i._printf_post_padding)
    i._printf_pre_padding                    0x0800452c   Section        0  printfa.o(i._printf_pre_padding)
    _printf_pre_padding                      0x0800452d   Thumb Code    46  printfa.o(i._printf_pre_padding)
    i._snputc                                0x0800455a   Section        0  printfa.o(i._snputc)
    _snputc                                  0x0800455b   Thumb Code    22  printfa.o(i._snputc)
    i.free                                   0x08004570   Section        0  malloc.o(i.free)
    i.malloc                                 0x080045c0   Section        0  malloc.o(i.malloc)
    .constdata                               0x0800462c   Section       24  util.o(.constdata)
    CU_bindings                              0x0800462c   Data          24  util.o(.constdata)
    .constdata                               0x08004644   Section      129  ctype_o.o(.constdata)
    .constdata                               0x080046c8   Section        4  ctype_o.o(.constdata)
    table                                    0x080046c8   Data           4  ctype_o.o(.constdata)
    .conststring                             0x080046cc   Section      576  cuerror.o(.conststring)
    .conststring                             0x0800490c   Section      101  testrun.o(.conststring)
    .conststring                             0x08004974   Section       21  util.o(.conststring)
    .data                                    0x20000000   Section       20  stm32f10x_rcc.o(.data)
    APBAHBPrescTable                         0x20000000   Data          16  stm32f10x_rcc.o(.data)
    ADCPrescTable                            0x20000010   Data           4  stm32f10x_rcc.o(.data)
    .data                                    0x20000014   Section       20  system_stm32f10x.o(.data)
    .data                                    0x20000028   Section        5  basic.o(.data)
    f_pRunningSuite                          0x20000028   Data           4  basic.o(.data)
    f_run_mode                               0x2000002c   Data           1  basic.o(.data)
    .data                                    0x20000030   Section      184  cuerror.o(.data)
    g_error_number                           0x20000030   Data           1  cuerror.o(.data)
    g_error_action                           0x20000031   Data           1  cuerror.o(.data)
    ErrorDescription                         0x20000034   Data         180  cuerror.o(.data)
    .data                                    0x200000e8   Section        4  testdb.o(.data)
    f_pTestRegistry                          0x200000e8   Data           4  testdb.o(.data)
    .data                                    0x200000ec   Section       56  testrun.o(.data)
    f_bTestIsRunning                         0x200000ec   Data           4  testrun.o(.data)
    f_pCurSuite                              0x200000f0   Data           4  testrun.o(.data)
    f_pCurTest                               0x200000f4   Data           4  testrun.o(.data)
    f_failure_list                           0x200000f8   Data           4  testrun.o(.data)
    f_last_failure                           0x200000fc   Data           4  testrun.o(.data)
    f_failure_on_inactive                    0x20000100   Data           4  testrun.o(.data)
    f_start_time                             0x20000104   Data           4  testrun.o(.data)
    f_pSuiteStartMessageHandler              0x20000108   Data           4  testrun.o(.data)
    f_pTestStartMessageHandler               0x2000010c   Data           4  testrun.o(.data)
    f_pTestCompleteMessageHandler            0x20000110   Data           4  testrun.o(.data)
    f_pSuiteCompleteMessageHandler           0x20000114   Data           4  testrun.o(.data)
    f_pAllTestsCompleteMessageHandler        0x20000118   Data           4  testrun.o(.data)
    f_pSuiteInitFailureMessageHandler        0x2000011c   Data           4  testrun.o(.data)
    f_pSuiteCleanupFailureMessageHandler     0x20000120   Data           4  testrun.o(.data)
    .data                                    0x20000124   Section        4  stdout.o(.data)
    .data                                    0x20000128   Section        4  stderr.o(.data)
    .data                                    0x2000012c   Section        4  mvars.o(.data)
    .data                                    0x20000130   Section        4  mvars.o(.data)
    .bss                                     0x20000138   Section       96  testrun.o(.bss)
    f_run_summary                            0x20000138   Data          96  testrun.o(.bss)
    HEAP                                     0x20000198   Section     2048  startup_stm32f10x_hd.o(HEAP)
    STACK                                    0x20000998   Section     2048  startup_stm32f10x_hd.o(STACK)

    Global Symbols

    Symbol Name                              Value     Ov Type        Size  Object(Section)

    BuildAttributes$$THM_ISAv4$P$D$K$B$S$PE$A:L22UL41UL21$X:L11$S22US41US21$IEEE1$IW$USESV6$~STKCKD$USESV7$~SHL$OSPACE$ROPI$EBA8$MICROLIB$REQ8$PRES8$EABIv2 0x00000000   Number         0  anon$$obj.o ABSOLUTE
    __ARM_use_no_argv                        0x00000000   Number         0  main.o ABSOLUTE
    _printf_a                                0x00000000   Number         0  stubs.o ABSOLUTE
    _printf_c                                0x00000000   Number         0  stubs.o ABSOLUTE
    _printf_charcount                        0x00000000   Number         0  stubs.o ABSOLUTE
    _printf_d                                0x00000000   Number         0  stubs.o ABSOLUTE
    _printf_e                                0x00000000   Number         0  stubs.o ABSOLUTE
    _printf_f                                0x00000000   Number         0  stubs.o ABSOLUTE
    _printf_flags                            0x00000000   Number         0  stubs.o ABSOLUTE
    _printf_fp_dec                           0x00000000   Number         0  stubs.o ABSOLUTE
    _printf_fp_hex                           0x00000000   Number         0  stubs.o ABSOLUTE
    _printf_g                                0x00000000   Number         0  stubs.o ABSOLUTE
    _printf_i                                0x00000000   Number         0  stubs.o ABSOLUTE
    _printf_int_dec                          0x00000000   Number         0  stubs.o ABSOLUTE
    _printf_l                                0x00000000   Number         0  stubs.o ABSOLUTE
    _printf_lc                               0x00000000   Number         0  stubs.o ABSOLUTE
    _printf_ll                               0x00000000   Number         0  stubs.o ABSOLUTE
    _printf_lld                              0x00000000   Number         0  stubs.o ABSOLUTE
    _printf_lli                              0x00000000   Number         0  stubs.o ABSOLUTE
    _printf_llo                              0x00000000   Number         0  stubs.o ABSOLUTE
    _printf_llu                              0x00000000   Number         0  stubs.o ABSOLUTE
    _printf_llx                              0x00000000   Number         0  stubs.o ABSOLUTE
    _printf_longlong_dec                     0x00000000   Number         0  stubs.o ABSOLUTE
    _printf_longlong_hex                     0x00000000   Number         0  stubs.o ABSOLUTE
    _printf_longlong_oct                     0x00000000   Number         0  stubs.o ABSOLUTE
    _printf_ls                               0x00000000   Number         0  stubs.o ABSOLUTE
    _printf_mbtowc                           0x00000000   Number         0  stubs.o ABSOLUTE
    _printf_n                                0x00000000   Number         0  stubs.o ABSOLUTE
    _printf_o                                0x00000000   Number         0  stubs.o ABSOLUTE
    _printf_p                                0x00000000   Number         0  stubs.o ABSOLUTE
    _printf_percent                          0x00000000   Number         0  stubs.o ABSOLUTE
    _printf_pre_padding                      0x00000000   Number         0  stubs.o ABSOLUTE
    _printf_return_value                     0x00000000   Number         0  stubs.o ABSOLUTE
    _printf_s                                0x00000000   Number         0  stubs.o ABSOLUTE
    _printf_sizespec                         0x00000000   Number         0  stubs.o ABSOLUTE
    _printf_str                              0x00000000   Number         0  stubs.o ABSOLUTE
    _printf_truncate_signed                  0x00000000   Number         0  stubs.o ABSOLUTE
    _printf_truncate_unsigned                0x00000000   Number         0  stubs.o ABSOLUTE
    _printf_u                                0x00000000   Number         0  stubs.o ABSOLUTE
    _printf_wc                               0x00000000   Number         0  stubs.o ABSOLUTE
    _printf_wctomb                           0x00000000   Number         0  stubs.o ABSOLUTE
    _printf_widthprec                        0x00000000   Number         0  stubs.o ABSOLUTE
    _printf_x                                0x00000000   Number         0  stubs.o ABSOLUTE
    __alloca_longjmp                          - Undefined Weak Reference
    __alloca_setjmp                           - Undefined Weak Reference
    __cpp_initialize__aeabi_                  - Undefined Weak Reference
    __cxa_finalize                            - Undefined Weak Reference
    _clock_init                               - Undefined Weak Reference
    _microlib_exit                            - Undefined Weak Reference
    __Vectors_Size                           0x00000130   Number         0  startup_stm32f10x_hd.o ABSOLUTE
    __Vectors                                0x08000000   Data           4  startup_stm32f10x_hd.o(RESET)
    __Vectors_End                            0x08000130   Data           0  startup_stm32f10x_hd.o(RESET)
    __main                                   0x08000131   Thumb Code     0  entry.o(.ARM.Collect$$$$00000000)
    _main_stk                                0x08000131   Thumb Code     0  entry2.o(.ARM.Collect$$$$00000001)
    _main_scatterload                        0x08000135   Thumb Code     0  entry5.o(.ARM.Collect$$$$00000004)
    __main_after_scatterload                 0x08000139   Thumb Code     0  entry5.o(.ARM.Collect$$$$00000004)
    _main_clock                              0x08000139   Thumb Code     0  entry7b.o(.ARM.Collect$$$$00000008)
    _main_cpp_init                           0x08000139   Thumb Code     0  entry8b.o(.ARM.Collect$$$$0000000A)
    _main_init                               0x08000139   Thumb Code     0  entry9a.o(.ARM.Collect$$$$0000000B)
    __rt_final_cpp                           0x08000141   Thumb Code     0  entry10a.o(.ARM.Collect$$$$0000000D)
    __rt_final_exit                          0x08000141   Thumb Code     0  entry11a.o(.ARM.Collect$$$$0000000F)
    Reset_Handler                            0x08000145   Thumb Code     8  startup_stm32f10x_hd.o(.text)
    ADC1_2_IRQHandler                        0x0800015f   Thumb Code     0  startup_stm32f10x_hd.o(.text)
    ADC3_IRQHandler                          0x0800015f   Thumb Code     0  startup_stm32f10x_hd.o(.text)
    CAN1_RX1_IRQHandler                      0x0800015f   Thumb Code     0  startup_stm32f10x_hd.o(.text)
    CAN1_SCE_IRQHandler                      0x0800015f   Thumb Code     0  startup_stm32f10x_hd.o(.text)
    DMA1_Channel1_IRQHandler                 0x0800015f   Thumb Code     0  startup_stm32f10x_hd.o(.text)
    DMA1_Channel2_IRQHandler                 0x0800015f   Thumb Code     0  startup_stm32f10x_hd.o(.text)
    DMA1_Channel3_IRQHandler                 0x0800015f   Thumb Code     0  startup_stm32f10x_hd.o(.text)
    DMA1_Channel4_IRQHandler                 0x0800015f   Thumb Code     0  startup_stm32f10x_hd.o(.text)
    DMA1_Channel5_IRQHandler                 0x0800015f   Thumb Code     0  startup_stm32f10x_hd.o(.text)
    DMA1_Channel6_IRQHandler                 0x0800015f   Thumb Code     0  startup_stm32f10x_hd.o(.text)
    DMA1_Channel7_IRQHandler                 0x0800015f   Thumb Code     0  startup_stm32f10x_hd.o(.text)
    DMA2_Channel1_IRQHandler                 0x0800015f   Thumb Code     0  startup_stm32f10x_hd.o(.text)
    DMA2_Channel2_IRQHandler                 0x0800015f   Thumb Code     0  startup_stm32f10x_hd.o(.text)
    DMA2_Channel3_IRQHandler                 0x0800015f   Thumb Code     0  startup_stm32f10x_hd.o(.text)
    DMA2_Channel4_5_IRQHandler               0x0800015f   Thumb Code     0  startup_stm32f10x_hd.o(.text)
    EXTI0_IRQHandler                         0x0800015f   Thumb Code     0  startup_stm32f10x_hd.o(.text)
    EXTI15_10_IRQHandler                     0x0800015f   Thumb Code     0  startup_stm32f10x_hd.o(.text)
    EXTI1_IRQHandler                         0x0800015f   Thumb Code     0  startup_stm32f10x_hd.o(.text)
    EXTI2_IRQHandler                         0x0800015f   Thumb Code     0  startup_stm32f10x_hd.o(.text)
    EXTI3_IRQHandler                         0x0800015f   Thumb Code     0  startup_stm32f10x_hd.o(.text)
    EXTI4_IRQHandler                         0x0800015f   Thumb Code     0  startup_stm32f10x_hd.o(.text)
    EXTI9_5_IRQHandler                       0x0800015f   Thumb Code     0  startup_stm32f10x_hd.o(.text)
    FLASH_IRQHandler                         0x0800015f   Thumb Code     0  startup_stm32f10x_hd.o(.text)
    FSMC_IRQHandler                          0x0800015f   Thumb Code     0  startup_stm32f10x_hd.o(.text)
    I2C1_ER_IRQHandler                       0x0800015f   Thumb Code     0  startup_stm32f10x_hd.o(.text)
    I2C1_EV_IRQHandler                       0x0800015f   Thumb Code     0  startup_stm32f10x_hd.o(.text)
    I2C2_ER_IRQHandler                       0x0800015f   Thumb Code     0  startup_stm32f10x_hd.o(.text)
    I2C2_EV_IRQHandler                       0x0800015f   Thumb Code     0  startup_stm32f10x_hd.o(.text)
    PVD_IRQHandler                           0x0800015f   Thumb Code     0  startup_stm32f10x_hd.o(.text)
    RCC_IRQHandler                           0x0800015f   Thumb Code     0  startup_stm32f10x_hd.o(.text)
    RTCAlarm_IRQHandler                      0x0800015f   Thumb Code     0  startup_stm32f10x_hd.o(.text)
    RTC_IRQHandler                           0x0800015f   Thumb Code     0  startup_stm32f10x_hd.o(.text)
    SDIO_IRQHandler                          0x0800015f   Thumb Code     0  startup_stm32f10x_hd.o(.text)
    SPI1_IRQHandler                          0x0800015f   Thumb Code     0  startup_stm32f10x_hd.o(.text)
    SPI2_IRQHandler                          0x0800015f   Thumb Code     0  startup_stm32f10x_hd.o(.text)
    SPI3_IRQHandler                          0x0800015f   Thumb Code     0  startup_stm32f10x_hd.o(.text)
    TAMPER_IRQHandler                        0x0800015f   Thumb Code     0  startup_stm32f10x_hd.o(.text)
    TIM1_BRK_IRQHandler                      0x0800015f   Thumb Code     0  startup_stm32f10x_hd.o(.text)
    TIM1_CC_IRQHandler                       0x0800015f   Thumb Code     0  startup_stm32f10x_hd.o(.text)
    TIM1_TRG_COM_IRQHandler                  0x0800015f   Thumb Code     0  startup_stm32f10x_hd.o(.text)
    TIM1_UP_IRQHandler                       0x0800015f   Thumb Code     0  startup_stm32f10x_hd.o(.text)
    TIM2_IRQHandler                          0x0800015f   Thumb Code     0  startup_stm32f10x_hd.o(.text)
    TIM3_IRQHandler                          0x0800015f   Thumb Code     0  startup_stm32f10x_hd.o(.text)
    TIM4_IRQHandler                          0x0800015f   Thumb Code     0  startup_stm32f10x_hd.o(.text)
    TIM5_IRQHandler                          0x0800015f   Thumb Code     0  startup_stm32f10x_hd.o(.text)
    TIM6_IRQHandler                          0x0800015f   Thumb Code     0  startup_stm32f10x_hd.o(.text)
    TIM7_IRQHandler                          0x0800015f   Thumb Code     0  startup_stm32f10x_hd.o(.text)
    TIM8_BRK_IRQHandler                      0x0800015f   Thumb Code     0  startup_stm32f10x_hd.o(.text)
    TIM8_CC_IRQHandler                       0x0800015f   Thumb Code     0  startup_stm32f10x_hd.o(.text)
    TIM8_TRG_COM_IRQHandler                  0x0800015f   Thumb Code     0  startup_stm32f10x_hd.o(.text)
    TIM8_UP_IRQHandler                       0x0800015f   Thumb Code     0  startup_stm32f10x_hd.o(.text)
    UART4_IRQHandler                         0x0800015f   Thumb Code     0  startup_stm32f10x_hd.o(.text)
    UART5_IRQHandler                         0x0800015f   Thumb Code     0  startup_stm32f10x_hd.o(.text)
    USART1_IRQHandler                        0x0800015f   Thumb Code     0  startup_stm32f10x_hd.o(.text)
    USART2_IRQHandler                        0x0800015f   Thumb Code     0  startup_stm32f10x_hd.o(.text)
    USART3_IRQHandler                        0x0800015f   Thumb Code     0  startup_stm32f10x_hd.o(.text)
    USBWakeUp_IRQHandler                     0x0800015f   Thumb Code     0  startup_stm32f10x_hd.o(.text)
    USB_HP_CAN1_TX_IRQHandler                0x0800015f   Thumb Code     0  startup_stm32f10x_hd.o(.text)
    USB_LP_CAN1_RX0_IRQHandler               0x0800015f   Thumb Code     0  startup_stm32f10x_hd.o(.text)
    WWDG_IRQHandler                          0x0800015f   Thumb Code     0  startup_stm32f10x_hd.o(.text)
    Delay                                    0x08000169   Thumb Code    18  main.o(.text)
    main                                     0x080001d3   Thumb Code   110  main.o(.text)
    NMI_Handler                              0x08000329   Thumb Code     2  stm32f10x_it.o(.text)
    HardFault_Handler                        0x0800032b   Thumb Code     8  stm32f10x_it.o(.text)
    MemManage_Handler                        0x08000333   Thumb Code     4  stm32f10x_it.o(.text)
    BusFault_Handler                         0x08000337   Thumb Code     4  stm32f10x_it.o(.text)
    UsageFault_Handler                       0x0800033b   Thumb Code     4  stm32f10x_it.o(.text)
    SVC_Handler                              0x0800033f   Thumb Code     2  stm32f10x_it.o(.text)
    DebugMon_Handler                         0x08000341   Thumb Code     2  stm32f10x_it.o(.text)
    PendSV_Handler                           0x08000343   Thumb Code     2  stm32f10x_it.o(.text)
    SysTick_Handler                          0x08000345   Thumb Code     2  stm32f10x_it.o(.text)
    USART1_Config                            0x08000349   Thumb Code   114  usart1.o(.text)
    fputc                                    0x080003bb   Thumb Code    32  usart1.o(.text)
    USART1_printf                            0x0800043d   Thumb Code   262  usart1.o(.text)
    RCC_DeInit                               0x0800054d   Thumb Code    64  stm32f10x_rcc.o(.text)
    RCC_HSEConfig                            0x0800058d   Thumb Code    70  stm32f10x_rcc.o(.text)
    RCC_GetFlagStatus                        0x080005d3   Thumb Code    56  stm32f10x_rcc.o(.text)
    RCC_WaitForHSEStartUp                    0x0800060b   Thumb Code    56  stm32f10x_rcc.o(.text)
    RCC_AdjustHSICalibrationValue            0x08000643   Thumb Code    20  stm32f10x_rcc.o(.text)
    RCC_HSICmd                               0x08000657   Thumb Code     6  stm32f10x_rcc.o(.text)
    RCC_PLLConfig                            0x0800065d   Thumb Code    24  stm32f10x_rcc.o(.text)
    RCC_PLLCmd                               0x08000675   Thumb Code     6  stm32f10x_rcc.o(.text)
    RCC_SYSCLKConfig                         0x0800067b   Thumb Code    18  stm32f10x_rcc.o(.text)
    RCC_GetSYSCLKSource                      0x0800068d   Thumb Code    10  stm32f10x_rcc.o(.text)
    RCC_HCLKConfig                           0x08000697   Thumb Code    18  stm32f10x_rcc.o(.text)
    RCC_PCLK1Config                          0x080006a9   Thumb Code    18  stm32f10x_rcc.o(.text)
    RCC_PCLK2Config                          0x080006bb   Thumb Code    20  stm32f10x_rcc.o(.text)
    RCC_ITConfig                             0x080006cf   Thumb Code    26  stm32f10x_rcc.o(.text)
    RCC_USBCLKConfig                         0x080006e9   Thumb Code     8  stm32f10x_rcc.o(.text)
    RCC_ADCCLKConfig                         0x080006f1   Thumb Code    18  stm32f10x_rcc.o(.text)
    RCC_LSEConfig                            0x08000703   Thumb Code    50  stm32f10x_rcc.o(.text)
    RCC_LSICmd                               0x08000735   Thumb Code     6  stm32f10x_rcc.o(.text)
    RCC_RTCCLKConfig                         0x0800073b   Thumb Code    12  stm32f10x_rcc.o(.text)
    RCC_RTCCLKCmd                            0x08000747   Thumb Code     8  stm32f10x_rcc.o(.text)
    RCC_GetClocksFreq                        0x0800074f   Thumb Code   192  stm32f10x_rcc.o(.text)
    RCC_AHBPeriphClockCmd                    0x0800080f   Thumb Code    26  stm32f10x_rcc.o(.text)
    RCC_APB2PeriphClockCmd                   0x08000829   Thumb Code    26  stm32f10x_rcc.o(.text)
    RCC_APB1PeriphClockCmd                   0x08000843   Thumb Code    26  stm32f10x_rcc.o(.text)
    RCC_APB2PeriphResetCmd                   0x0800085d   Thumb Code    26  stm32f10x_rcc.o(.text)
    RCC_APB1PeriphResetCmd                   0x08000877   Thumb Code    26  stm32f10x_rcc.o(.text)
    RCC_BackupResetCmd                       0x08000891   Thumb Code     8  stm32f10x_rcc.o(.text)
    RCC_ClockSecuritySystemCmd               0x08000899   Thumb Code     6  stm32f10x_rcc.o(.text)
    RCC_MCOConfig                            0x0800089f   Thumb Code     6  stm32f10x_rcc.o(.text)
    RCC_ClearFlag                            0x080008a5   Thumb Code    14  stm32f10x_rcc.o(.text)
    RCC_GetITStatus                          0x080008b3   Thumb Code    20  stm32f10x_rcc.o(.text)
    RCC_ClearITPendingBit                    0x080008c7   Thumb Code     6  stm32f10x_rcc.o(.text)
    GPIO_DeInit                              0x080008f1   Thumb Code   172  stm32f10x_gpio.o(.text)
    GPIO_AFIODeInit                          0x0800099d   Thumb Code    20  stm32f10x_gpio.o(.text)
    GPIO_Init                                0x080009b1   Thumb Code   278  stm32f10x_gpio.o(.text)
    GPIO_StructInit                          0x08000ac7   Thumb Code    16  stm32f10x_gpio.o(.text)
    GPIO_ReadInputDataBit                    0x08000ad7   Thumb Code    18  stm32f10x_gpio.o(.text)
    GPIO_ReadInputData                       0x08000ae9   Thumb Code     8  stm32f10x_gpio.o(.text)
    GPIO_ReadOutputDataBit                   0x08000af1   Thumb Code    18  stm32f10x_gpio.o(.text)
    GPIO_ReadOutputData                      0x08000b03   Thumb Code     8  stm32f10x_gpio.o(.text)
    GPIO_SetBits                             0x08000b0b   Thumb Code     4  stm32f10x_gpio.o(.text)
    GPIO_ResetBits                           0x08000b0f   Thumb Code     4  stm32f10x_gpio.o(.text)
    GPIO_WriteBit                            0x08000b13   Thumb Code    10  stm32f10x_gpio.o(.text)
    GPIO_Write                               0x08000b1d   Thumb Code     4  stm32f10x_gpio.o(.text)
    GPIO_PinLockConfig                       0x08000b21   Thumb Code    18  stm32f10x_gpio.o(.text)
    GPIO_EventOutputConfig                   0x08000b33   Thumb Code    26  stm32f10x_gpio.o(.text)
    GPIO_EventOutputCmd                      0x08000b4d   Thumb Code     6  stm32f10x_gpio.o(.text)
    GPIO_PinRemapConfig                      0x08000b53   Thumb Code   138  stm32f10x_gpio.o(.text)
    GPIO_EXTILineConfig                      0x08000bdd   Thumb Code    66  stm32f10x_gpio.o(.text)
    GPIO_ETH_MediaInterfaceConfig            0x08000c1f   Thumb Code     8  stm32f10x_gpio.o(.text)
    USART_DeInit                             0x08000c4d   Thumb Code   134  stm32f10x_usart.o(.text)
    USART_Init                               0x08000cd3   Thumb Code   210  stm32f10x_usart.o(.text)
    USART_StructInit                         0x08000da5   Thumb Code    24  stm32f10x_usart.o(.text)
    USART_ClockInit                          0x08000dbd   Thumb Code    34  stm32f10x_usart.o(.text)
    USART_ClockStructInit                    0x08000ddf   Thumb Code    12  stm32f10x_usart.o(.text)
    USART_Cmd                                0x08000deb   Thumb Code    24  stm32f10x_usart.o(.text)
    USART_ITConfig                           0x08000e03   Thumb Code    74  stm32f10x_usart.o(.text)
    USART_DMACmd                             0x08000e4d   Thumb Code    18  stm32f10x_usart.o(.text)
    USART_SetAddress                         0x08000e5f   Thumb Code    18  stm32f10x_usart.o(.text)
    USART_WakeUpConfig                       0x08000e71   Thumb Code    18  stm32f10x_usart.o(.text)
    USART_ReceiverWakeUpCmd                  0x08000e83   Thumb Code    24  stm32f10x_usart.o(.text)
    USART_LINBreakDetectLengthConfig         0x08000e9b   Thumb Code    18  stm32f10x_usart.o(.text)
    USART_LINCmd                             0x08000ead   Thumb Code    24  stm32f10x_usart.o(.text)
    USART_SendData                           0x08000ec5   Thumb Code     8  stm32f10x_usart.o(.text)
    USART_ReceiveData                        0x08000ecd   Thumb Code    10  stm32f10x_usart.o(.text)
    USART_SendBreak                          0x08000ed7   Thumb Code    10  stm32f10x_usart.o(.text)
    USART_SetGuardTime                       0x08000ee1   Thumb Code    16  stm32f10x_usart.o(.text)
    USART_SetPrescaler                       0x08000ef1   Thumb Code    16  stm32f10x_usart.o(.text)
    USART_SmartCardCmd                       0x08000f01   Thumb Code    24  stm32f10x_usart.o(.text)
    USART_SmartCardNACKCmd                   0x08000f19   Thumb Code    24  stm32f10x_usart.o(.text)
    USART_HalfDuplexCmd                      0x08000f31   Thumb Code    24  stm32f10x_usart.o(.text)
    USART_OverSampling8Cmd                   0x08000f49   Thumb Code    22  stm32f10x_usart.o(.text)
    USART_OneBitMethodCmd                    0x08000f5f   Thumb Code    24  stm32f10x_usart.o(.text)
    USART_IrDAConfig                         0x08000f77   Thumb Code    18  stm32f10x_usart.o(.text)
    USART_IrDACmd                            0x08000f89   Thumb Code    24  stm32f10x_usart.o(.text)
    USART_GetFlagStatus                      0x08000fa1   Thumb Code    26  stm32f10x_usart.o(.text)
    USART_ClearFlag                          0x08000fbb   Thumb Code    18  stm32f10x_usart.o(.text)
    USART_GetITStatus                        0x08000fcd   Thumb Code    84  stm32f10x_usart.o(.text)
    USART_ClearITPendingBit                  0x08001021   Thumb Code    52  stm32f10x_usart.o(.text)
    SystemInit                               0x08001133   Thumb Code    78  system_stm32f10x.o(.text)
    SystemCoreClockUpdate                    0x08001181   Thumb Code   142  system_stm32f10x.o(.text)
    CU_basic_run_tests                       0x080013b9   Thumb Code    46  basic.o(.text)
    CU_basic_run_suite                       0x080013f9   Thumb Code    30  basic.o(.text)
    CU_basic_run_test                        0x0800142d   Thumb Code    40  basic.o(.text)
    CU_basic_set_mode                        0x08001455   Thumb Code     6  basic.o(.text)
    CU_basic_get_mode                        0x0800145b   Thumb Code     6  basic.o(.text)
    CU_basic_show_failures                   0x08001461   Thumb Code    52  basic.o(.text)
    CU_set_error                             0x0800167f   Thumb Code    44  cuerror.o(.text)
    CU_get_error                             0x080016ab   Thumb Code     6  cuerror.o(.text)
    CU_get_error_msg                         0x080016b1   Thumb Code    12  cuerror.o(.text)
    CU_set_error_action                      0x080016bd   Thumb Code     6  cuerror.o(.text)
    CU_get_error_action                      0x080016c3   Thumb Code     6  cuerror.o(.text)
    CU_create_new_registry                   0x080016f5   Thumb Code    24  testdb.o(.text)
    CU_destroy_existing_registry             0x0800177f   Thumb Code    26  testdb.o(.text)
    CU_cleanup_registry                      0x08001799   Thumb Code    20  testdb.o(.text)
    CU_initialize_registry                   0x080017ad   Thumb Code    50  testdb.o(.text)
    CU_registry_initialized                  0x080017df   Thumb Code    14  testdb.o(.text)
    CU_get_registry                          0x080017ed   Thumb Code     6  testdb.o(.text)
    CU_set_registry                          0x080017f3   Thumb Code    22  testdb.o(.text)
    CU_add_suite_with_setup_and_teardown     0x080018bd   Thumb Code   106  testdb.o(.text)
    CU_add_suite                             0x08001927   Thumb Code    26  testdb.o(.text)
    CU_set_suite_active                      0x08001941   Thumb Code    26  testdb.o(.text)
    CU_set_suite_name                        0x0800195b   Thumb Code    64  testdb.o(.text)
    CU_set_suite_initfunc                    0x0800199b   Thumb Code    26  testdb.o(.text)
    CU_set_suite_cleanupfunc                 0x080019b5   Thumb Code    26  testdb.o(.text)
    CU_get_suite_by_name                     0x080019cf   Thumb Code    48  testdb.o(.text)
    CU_get_suite                             0x080019ff   Thumb Code    46  testdb.o(.text)
    CU_get_suite_by_index                    0x08001a2d   Thumb Code    40  testdb.o(.text)
    CU_get_suite_at_pos                      0x08001a55   Thumb Code    40  testdb.o(.text)
    CU_get_suite_pos                         0x08001a7d   Thumb Code    64  testdb.o(.text)
    CU_get_suite_pos_by_name                 0x08001abd   Thumb Code    72  testdb.o(.text)
    CU_add_test                              0x08001ba3   Thumb Code   118  testdb.o(.text)
    CU_set_test_active                       0x08001c19   Thumb Code    26  testdb.o(.text)
    CU_set_test_name                         0x08001c33   Thumb Code    64  testdb.o(.text)
    CU_set_test_func                         0x08001c73   Thumb Code    28  testdb.o(.text)
    CU_get_test_by_name                      0x08001c8f   Thumb Code    48  testdb.o(.text)
    CU_get_test                              0x08001cbf   Thumb Code    56  testdb.o(.text)
    CU_get_test_by_index                     0x08001cf7   Thumb Code    30  testdb.o(.text)
    CU_get_test_at_pos                       0x08001d15   Thumb Code    50  testdb.o(.text)
    CU_get_test_pos                          0x08001d47   Thumb Code    74  testdb.o(.text)
    CU_get_test_pos_by_name                  0x08001d91   Thumb Code    82  testdb.o(.text)
    CU_register_nsuites                      0x08001de3   Thumb Code   112  testdb.o(.text)
    CU_register_suites                       0x08001e53   Thumb Code    14  testdb.o(.text)
    CU_assertImplementation                  0x08001f27   Thumb Code    98  testrun.o(.text)
    CU_set_suite_start_handler               0x08001f89   Thumb Code     6  testrun.o(.text)
    CU_set_test_start_handler                0x08001f8f   Thumb Code     6  testrun.o(.text)
    CU_set_test_complete_handler             0x08001f95   Thumb Code     6  testrun.o(.text)
    CU_set_suite_complete_handler            0x08001f9b   Thumb Code     6  testrun.o(.text)
    CU_set_all_test_complete_handler         0x08001fa1   Thumb Code     6  testrun.o(.text)
    CU_set_suite_init_failure_handler        0x08001fa7   Thumb Code     6  testrun.o(.text)
    CU_set_suite_cleanup_failure_handler     0x08001fad   Thumb Code     6  testrun.o(.text)
    CU_get_suite_start_handler               0x08001fb3   Thumb Code     6  testrun.o(.text)
    CU_get_test_start_handler                0x08001fb9   Thumb Code     6  testrun.o(.text)
    CU_get_test_complete_handler             0x08001fbf   Thumb Code     6  testrun.o(.text)
    CU_get_suite_complete_handler            0x08001fc5   Thumb Code     6  testrun.o(.text)
    CU_get_all_test_complete_handler         0x08001fcb   Thumb Code     6  testrun.o(.text)
    CU_get_suite_init_failure_handler        0x08001fd1   Thumb Code     6  testrun.o(.text)
    CU_get_suite_cleanup_failure_handler     0x08001fd7   Thumb Code     6  testrun.o(.text)
    CU_get_number_of_suites_run              0x08001fdd   Thumb Code     6  testrun.o(.text)
    CU_get_number_of_suites_failed           0x08001fe3   Thumb Code     6  testrun.o(.text)
    CU_get_number_of_suites_inactive         0x08001fe9   Thumb Code     6  testrun.o(.text)
    CU_get_number_of_tests_run               0x08001fef   Thumb Code     6  testrun.o(.text)
    CU_get_number_of_tests_failed            0x08001ff5   Thumb Code     6  testrun.o(.text)
    CU_get_number_of_tests_inactive          0x08001ffb   Thumb Code     6  testrun.o(.text)
    CU_get_number_of_asserts                 0x08002001   Thumb Code     6  testrun.o(.text)
    CU_get_number_of_successes               0x08002007   Thumb Code    12  testrun.o(.text)
    CU_get_number_of_failures                0x08002013   Thumb Code     6  testrun.o(.text)
    CU_get_number_of_failure_records         0x08002019   Thumb Code     6  testrun.o(.text)
    CU_get_elapsed_time                      0x0800201f   Thumb Code    66  testrun.o(.text)
    CU_get_failure_list                      0x08002061   Thumb Code     6  testrun.o(.text)
    CU_get_run_summary                       0x08002067   Thumb Code     4  testrun.o(.text)
    CU_run_all_tests                         0x080023ff   Thumb Code   182  testrun.o(.text)
    CU_run_suite                             0x080024b5   Thumb Code   136  testrun.o(.text)
    CU_run_test                              0x0800253d   Thumb Code   444  testrun.o(.text)
    CU_clear_previous_results                0x080026f9   Thumb Code    12  testrun.o(.text)
    CU_get_current_suite                     0x08002705   Thumb Code     6  testrun.o(.text)
    CU_get_current_test                      0x0800270b   Thumb Code     6  testrun.o(.text)
    CU_is_test_running                       0x08002711   Thumb Code     6  testrun.o(.text)
    CU_set_fail_on_inactive                  0x08002717   Thumb Code     6  testrun.o(.text)
    CU_get_fail_on_inactive                  0x0800271d   Thumb Code     6  testrun.o(.text)
    CU_get_run_results_string                0x08002723   Thumb Code  3106  testrun.o(.text)
    CU_print_run_results                     0x08003345   Thumb Code    36  testrun.o(.text)
    CU_translate_special_characters          0x0800343f   Thumb Code   126  util.o(.text)
    CU_translated_strlen                     0x080034bd   Thumb Code    52  util.o(.text)
    CU_compare_strings                       0x080034f1   Thumb Code    46  util.o(.text)
    CU_trim_right                            0x0800351f   Thumb Code    48  util.o(.text)
    CU_trim_left                             0x0800354f   Thumb Code    64  util.o(.text)
    CU_trim                                  0x0800358f   Thumb Code    18  util.o(.text)
    CU_number_width                          0x080035a1   Thumb Code    34  util.o(.text)
    time                                     0x080035cd   Thumb Code     6  misc.o(.text)
    exit                                     0x080035d3   Thumb Code     2  misc.o(.text)
    __rt_ctype_table                         0x080035d5   Thumb Code     4  ctype_o.o(.text)
    toupper                                  0x080035dd   Thumb Code    12  toupper.o(.text)
    __aeabi_memcpy                           0x080035e9   Thumb Code    36  memcpya.o(.text)
    __aeabi_memcpy4                          0x080035e9   Thumb Code     0  memcpya.o(.text)
    __aeabi_memcpy8                          0x080035e9   Thumb Code     0  memcpya.o(.text)
    strlen                                   0x0800360d   Thumb Code    14  strlen.o(.text)
    strcmp                                   0x0800361b   Thumb Code    28  strcmp.o(.text)
    strcpy                                   0x08003637   Thumb Code    18  strcpy.o(.text)
    __aeabi_dadd                             0x08003649   Thumb Code   322  dadd.o(.text)
    __aeabi_dsub                             0x0800378b   Thumb Code     6  dadd.o(.text)
    __aeabi_drsub                            0x08003791   Thumb Code     6  dadd.o(.text)
    __aeabi_ddiv                             0x08003797   Thumb Code   222  ddiv.o(.text)
    __aeabi_ui2d                             0x08003875   Thumb Code    26  dfltui.o(.text)
    setjmp                                   0x0800388f   Thumb Code    26  setjmp.o(.text)
    longjmp                                  0x080038a9   Thumb Code    36  setjmp.o(.text)
    __aeabi_uidiv                            0x080038cd   Thumb Code     0  uidiv.o(.text)
    __aeabi_uidivmod                         0x080038cd   Thumb Code    44  uidiv.o(.text)
    __aeabi_uldivmod                         0x080038f9   Thumb Code    98  uldiv.o(.text)
    __aeabi_llsl                             0x0800395b   Thumb Code    30  llshl.o(.text)
    _ll_shift_l                              0x0800395b   Thumb Code     0  llshl.o(.text)
    __aeabi_lasr                             0x08003979   Thumb Code    36  llsshr.o(.text)
    _ll_sshift_r                             0x08003979   Thumb Code     0  llsshr.o(.text)
    __I$use$fp                               0x0800399d   Thumb Code     0  iusefp.o(.text)
    _double_round                            0x0800399d   Thumb Code    30  depilogue.o(.text)
    _double_epilogue                         0x080039bb   Thumb Code   156  depilogue.o(.text)
    __aeabi_dmul                             0x08003a57   Thumb Code   228  dmul.o(.text)
    __aeabi_d2ulz                            0x08003b3b   Thumb Code    48  dfixul.o(.text)
    __aeabi_cdrcmple                         0x08003b6d   Thumb Code    48  cdrcmple.o(.text)
    __scatterload                            0x08003b9d   Thumb Code    28  init.o(.text)
    __scatterload_rt2                        0x08003b9d   Thumb Code     0  init.o(.text)
    __aeabi_llsr                             0x08003bc1   Thumb Code    32  llushr.o(.text)
    _ll_ushift_r                             0x08003bc1   Thumb Code     0  llushr.o(.text)
    __decompress                             0x08003be1   Thumb Code     0  __dczerorl2.o(.text)
    __decompress1                            0x08003be1   Thumb Code    86  __dczerorl2.o(.text)
    __0printf                                0x08003c39   Thumb Code    22  printfa.o(i.__0printf)
    __1printf                                0x08003c39   Thumb Code     0  printfa.o(i.__0printf)
    __2printf                                0x08003c39   Thumb Code     0  printfa.o(i.__0printf)
    __c89printf                              0x08003c39   Thumb Code     0  printfa.o(i.__0printf)
    printf                                   0x08003c39   Thumb Code     0  printfa.o(i.__0printf)
    __0snprintf                              0x08003c59   Thumb Code    44  printfa.o(i.__0snprintf)
    __1snprintf                              0x08003c59   Thumb Code     0  printfa.o(i.__0snprintf)
    __2snprintf                              0x08003c59   Thumb Code     0  printfa.o(i.__0snprintf)
    __c89snprintf                            0x08003c59   Thumb Code     0  printfa.o(i.__0snprintf)
    snprintf                                 0x08003c59   Thumb Code     0  printfa.o(i.__0snprintf)
    __scatterload_copy                       0x08003c89   Thumb Code    14  handlers.o(i.__scatterload_copy)
    __scatterload_null                       0x08003c97   Thumb Code     2  handlers.o(i.__scatterload_null)
    __scatterload_zeroinit                   0x08003c99   Thumb Code    14  handlers.o(i.__scatterload_zeroinit)
    free                                     0x08004571   Thumb Code    76  malloc.o(i.free)
    malloc                                   0x080045c1   Thumb Code    92  malloc.o(i.malloc)
    __ctype_table                            0x08004644   Data         129  ctype_o.o(.constdata)
    Region$$Table$$Base                      0x0800498c   Number         0  anon$$obj.o(Region$$Table)
    Region$$Table$$Limit                     0x080049ac   Number         0  anon$$obj.o(Region$$Table)
    SystemCoreClock                          0x20000014   Data           4  system_stm32f10x.o(.data)
    AHBPrescTable                            0x20000018   Data          16  system_stm32f10x.o(.data)
    __stdout                                 0x20000124   Data           4  stdout.o(.data)
    __stderr                                 0x20000128   Data           4  stderr.o(.data)
    __microlib_freelist                      0x2000012c   Data           4  mvars.o(.data)
    __microlib_freelist_initialised          0x20000130   Data           4  mvars.o(.data)
    __heap_base                              0x20000198   Data           0  startup_stm32f10x_hd.o(HEAP)
    __heap_limit                             0x20000998   Data           0  startup_stm32f10x_hd.o(HEAP)
    __initial_sp                             0x20001198   Data           0  startup_stm32f10x_hd.o(STACK)



==============================================================================

Memory Map of the image

  Image Entry point : 0x08000131

  Load Region LR_IROM1 (Base: 0x08000000, Size: 0x00004ae0, Max: 0x00080000, ABSOLUTE, COMPRESSED[0x00004a14])

    Execution Region ER_IROM1 (Base: 0x08000000, Size: 0x000049ac, Max: 0x00080000, ABSOLUTE)

    Base Addr    Size         Type   Attr      Idx    E Section Name        Object

    0x08000000   0x00000130   Data   RO            3    RESET               startup_stm32f10x_hd.o
    0x08000130   0x00000000   Code   RO          348  * .ARM.Collect$$$$00000000  mc_w.l(entry.o)
    0x08000130   0x00000004   Code   RO          694    .ARM.Collect$$$$00000001  mc_w.l(entry2.o)
    0x08000134   0x00000004   Code   RO          697    .ARM.Collect$$$$00000004  mc_w.l(entry5.o)
    0x08000138   0x00000000   Code   RO          699    .ARM.Collect$$$$00000008  mc_w.l(entry7b.o)
    0x08000138   0x00000000   Code   RO          701    .ARM.Collect$$$$0000000A  mc_w.l(entry8b.o)
    0x08000138   0x00000008   Code   RO          702    .ARM.Collect$$$$0000000B  mc_w.l(entry9a.o)
    0x08000140   0x00000000   Code   RO          704    .ARM.Collect$$$$0000000D  mc_w.l(entry10a.o)
    0x08000140   0x00000000   Code   RO          706    .ARM.Collect$$$$0000000F  mc_w.l(entry11a.o)
    0x08000140   0x00000004   Code   RO          695    .ARM.Collect$$$$00002712  mc_w.l(entry2.o)
    0x08000144   0x00000024   Code   RO            4    .text               startup_stm32f10x_hd.o
    0x08000168   0x000001c0   Code   RO           10    .text               main.o
    0x08000328   0x0000001e   Code   RO           97    .text               stm32f10x_it.o
    0x08000346   0x00000002   PAD
    0x08000348   0x00000204   Code   RO          112    .text               usart1.o
    0x0800054c   0x000003a4   Code   RO          131    .text               stm32f10x_rcc.o
    0x080008f0   0x0000035c   Code   RO          145    .text               stm32f10x_gpio.o
    0x08000c4c   0x00000408   Code   RO          157    .text               stm32f10x_usart.o
    0x08001054   0x000001e0   Code   RO          203    .text               system_stm32f10x.o
    0x08001234   0x00000428   Code   RO          221    .text               basic.o
    0x0800165c   0x00000098   Code   RO          248    .text               cuerror.o
    0x080016f4   0x00000770   Code   RO          275    .text               testdb.o
    0x08001e64   0x000015b4   Code   RO          289    .text               testrun.o
    0x08003418   0x000001b4   Code   RO          318    .text               util.o
    0x080035cc   0x00000008   Code   RO          333    .text               misc.o
    0x080035d4   0x00000008   Code   RO          355    .text               mc_w.l(ctype_o.o)
    0x080035dc   0x0000000c   Code   RO          383    .text               mc_w.l(toupper.o)
    0x080035e8   0x00000024   Code   RO          387    .text               mc_w.l(memcpya.o)
    0x0800360c   0x0000000e   Code   RO          389    .text               mc_w.l(strlen.o)
    0x0800361a   0x0000001c   Code   RO          391    .text               mc_w.l(strcmp.o)
    0x08003636   0x00000012   Code   RO          393    .text               mc_w.l(strcpy.o)
    0x08003648   0x0000014e   Code   RO          686    .text               mf_w.l(dadd.o)
    0x08003796   0x000000de   Code   RO          688    .text               mf_w.l(ddiv.o)
    0x08003874   0x0000001a   Code   RO          690    .text               mf_w.l(dfltui.o)
    0x0800388e   0x0000003e   Code   RO          692    .text               mf_w.l(setjmp.o)
    0x080038cc   0x0000002c   Code   RO          708    .text               mc_w.l(uidiv.o)
    0x080038f8   0x00000062   Code   RO          710    .text               mc_w.l(uldiv.o)
    0x0800395a   0x0000001e   Code   RO          712    .text               mc_w.l(llshl.o)
    0x08003978   0x00000024   Code   RO          714    .text               mc_w.l(llsshr.o)
    0x0800399c   0x00000000   Code   RO          718    .text               mc_w.l(iusefp.o)
    0x0800399c   0x000000ba   Code   RO          719    .text               mf_w.l(depilogue.o)
    0x08003a56   0x000000e4   Code   RO          721    .text               mf_w.l(dmul.o)
    0x08003b3a   0x00000030   Code   RO          723    .text               mf_w.l(dfixul.o)
    0x08003b6a   0x00000002   PAD
    0x08003b6c   0x00000030   Code   RO          725    .text               mf_w.l(cdrcmple.o)
    0x08003b9c   0x00000024   Code   RO          727    .text               mc_w.l(init.o)
    0x08003bc0   0x00000020   Code   RO          729    .text               mc_w.l(llushr.o)
    0x08003be0   0x00000056   Code   RO          739    .text               mc_w.l(__dczerorl2.o)
    0x08003c36   0x00000002   PAD
    0x08003c38   0x00000020   Code   RO          630    i.__0printf         mc_w.l(printfa.o)
    0x08003c58   0x00000030   Code   RO          631    i.__0snprintf       mc_w.l(printfa.o)
    0x08003c88   0x0000000e   Code   RO          733    i.__scatterload_copy  mc_w.l(handlers.o)
    0x08003c96   0x00000002   Code   RO          734    i.__scatterload_null  mc_w.l(handlers.o)
    0x08003c98   0x0000000e   Code   RO          735    i.__scatterload_zeroinit  mc_w.l(handlers.o)
    0x08003ca6   0x00000002   PAD
    0x08003ca8   0x00000184   Code   RO          637    i._fp_digits        mc_w.l(printfa.o)
    0x08003e2c   0x000006dc   Code   RO          638    i._printf_core      mc_w.l(printfa.o)
    0x08004508   0x00000024   Code   RO          639    i._printf_post_padding  mc_w.l(printfa.o)
    0x0800452c   0x0000002e   Code   RO          640    i._printf_pre_padding  mc_w.l(printfa.o)
    0x0800455a   0x00000016   Code   RO          641    i._snputc           mc_w.l(printfa.o)
    0x08004570   0x00000050   Code   RO          658    i.free              mc_w.l(malloc.o)
    0x080045c0   0x0000006c   Code   RO          659    i.malloc            mc_w.l(malloc.o)
    0x0800462c   0x00000018   Data   RO          319    .constdata          util.o
    0x08004644   0x00000081   Data   RO          356    .constdata          mc_w.l(ctype_o.o)
    0x080046c5   0x00000003   PAD
    0x080046c8   0x00000004   Data   RO          357    .constdata          mc_w.l(ctype_o.o)
    0x080046cc   0x00000240   Data   RO          249    .conststring        cuerror.o
    0x0800490c   0x00000065   Data   RO          291    .conststring        testrun.o
    0x08004971   0x00000003   PAD
    0x08004974   0x00000015   Data   RO          320    .conststring        util.o
    0x08004989   0x00000003   PAD
    0x0800498c   0x00000020   Data   RO          731    Region$$Table       anon$$obj.o


    Execution Region RW_IRAM1 (Base: 0x20000000, Size: 0x00001198, Max: 0x00010000, ABSOLUTE, COMPRESSED[0x00000068])

    Base Addr    Size         Type   Attr      Idx    E Section Name        Object

    0x20000000   0x00000014   Data   RW          132    .data               stm32f10x_rcc.o
    0x20000014   0x00000014   Data   RW          204    .data               system_stm32f10x.o
    0x20000028   0x00000005   Data   RW          222    .data               basic.o
    0x2000002d   0x00000003   PAD
    0x20000030   0x000000b8   Data   RW          250    .data               cuerror.o
    0x200000e8   0x00000004   Data   RW          276    .data               testdb.o
    0x200000ec   0x00000038   Data   RW          292    .data               testrun.o
    0x20000124   0x00000004   Data   RW          353    .data               mc_w.l(stdout.o)
    0x20000128   0x00000004   Data   RW          354    .data               mc_w.l(stderr.o)
    0x2000012c   0x00000004   Data   RW          716    .data               mc_w.l(mvars.o)
    0x20000130   0x00000004   Data   RW          717    .data               mc_w.l(mvars.o)
    0x20000134   0x00000004   PAD
    0x20000138   0x00000060   Zero   RW          290    .bss                testrun.o
    0x20000198   0x00000800   Zero   RW            2    HEAP                startup_stm32f10x_hd.o
    0x20000998   0x00000800   Zero   RW            1    STACK               startup_stm32f10x_hd.o


==============================================================================

Image component sizes


      Code (inc. data)   RO Data    RW Data    ZI Data      Debug   Object Name

      1064        456          0          5          0       4581   basic.o
       152         44        576        184          0       1717   cuerror.o
       448        232          0          0          0     238156   main.o
         8          0          0          0          0       1856   misc.o
        36          8        304          0       4096        832   startup_stm32f10x_hd.o
       860         38          0          0          0       5665   stm32f10x_gpio.o
        30          0          0          0          0       1270   stm32f10x_it.o
       932         36          0         20          0       8824   stm32f10x_rcc.o
      1032         22          0          0          0       8388   stm32f10x_usart.o
       480         38          0         20          0       1763   system_stm32f10x.o
      1904          8          0          4          0      12806   testdb.o
      5556        416        101         56         96      15504   testrun.o
       516         10          0          0          0       3912   usart1.o
       436         10         45          0          0       3381   util.o

    ----------------------------------------------------------------------
     13456       1318       1064        292       4192     308655   Object Totals
         0          0         32          0          0          0   (incl. Generated)
         2          0          6          3          0          0   (incl. Padding)

    ----------------------------------------------------------------------

      Code (inc. data)   RO Data    RW Data    ZI Data      Debug   Library Member Name

        86          0          0          0          0          0   __dczerorl2.o
         8          4        133          0          0         68   ctype_o.o
         0          0          0          0          0          0   entry.o
         0          0          0          0          0          0   entry10a.o
         0          0          0          0          0          0   entry11a.o
         8          4          0          0          0          0   entry2.o
         4          0          0          0          0          0   entry5.o
         0          0          0          0          0          0   entry7b.o
         0          0          0          0          0          0   entry8b.o
         8          4          0          0          0          0   entry9a.o
        30          0          0          0          0          0   handlers.o
        36          8          0          0          0         68   init.o
         0          0          0          0          0          0   iusefp.o
        30          0          0          0          0         68   llshl.o
        36          0          0          0          0         68   llsshr.o
        32          0          0          0          0         68   llushr.o
       188         20          0          0          0        160   malloc.o
        36          0          0          0          0         68   memcpya.o
         0          0          0          8          0          0   mvars.o
      2328         94          0          0          0        604   printfa.o
         0          0          0          4          0          0   stderr.o
         0          0          0          4          0          0   stdout.o
        28          0          0          0          0         76   strcmp.o
        18          0          0          0          0         68   strcpy.o
        14          0          0          0          0         68   strlen.o
        12          0          0          0          0         68   toupper.o
        44          0          0          0          0         80   uidiv.o
        98          0          0          0          0         92   uldiv.o
        48          0          0          0          0         68   cdrcmple.o
       334          0          0          0          0        148   dadd.o
       222          0          0          0          0        100   ddiv.o
       186          0          0          0          0        176   depilogue.o
        48          0          0          0          0         68   dfixul.o
        26          0          0          0          0         76   dfltui.o
       228          0          0          0          0         96   dmul.o
        62          0          0          0          0         96   setjmp.o

    ----------------------------------------------------------------------
      4204        134        136         16          4       2452   Library Totals
         6          0          3          0          4          0   (incl. Padding)

    ----------------------------------------------------------------------

      Code (inc. data)   RO Data    RW Data    ZI Data      Debug   Library Name

      3044        134        133         16          0       1624   mc_w.l
      1154          0          0          0          0        828   mf_w.l

    ----------------------------------------------------------------------
      4204        134        136         16          4       2452   Library Totals

    ----------------------------------------------------------------------

==============================================================================


      Code (inc. data)   RO Data    RW Data    ZI Data      Debug   

     17660       1452       1200        308       4196     308791   Grand Totals
     17660       1452       1200        104       4196     308791   ELF Image Totals (compressed)
     17660       1452       1200        104          0          0   ROM Totals

==============================================================================

    Total RO  Size (Code + RO Data)                18860 (  18.42kB)
    Total RW  Size (RW Data + ZI Data)              4504 (   4.40kB)
    Total ROM Size (Code + RO Data + RW Data)      18964 (  18.52kB)

==============================================================================

